<html>
<body>
<pre>
<h1>µVision Build Log</h1>
<h2>Tool Versions:</h2>
IDE-Version: µVision V5.21.1.0
Copyright (C) 2016 ARM Ltd and ARM Germany GmbH. All rights reserved.
License Information: Katarzyna Pøaneta AGH Flex license: MDK-ARM Professional: 100 user(s) (mdk_pro) Operation stops: 9 Aug 2017
 
Tool Versions:
Toolchain:       MDK-ARM Professional: 100 user(s)  Version: 5.21a
Toolchain Path:  C:\Keil_v5\ARM\ARMCC\Bin
C Compiler:      Armcc.exe V5.06 update 3 (build 300)
Assembler:       Armasm.exe V5.06 update 3 (build 300)
Linker/Locator:  ArmLink.exe V5.06 update 3 (build 300)
Library Manager: ArmAr.exe V5.06 update 3 (build 300)
Hex Converter:   FromElf.exe V5.06 update 3 (build 300)
CPU DLL:         SARMCM3.DLL V5.21a
Dialog DLL:      DCM.DLL V1.13.8.0
Target DLL:      STLink\ST-LINKIII-KEIL_SWO.dll V2.0.18.0
Dialog DLL:      TCM.DLL V1.14.14.0
 
<h2>Project:</h2>
C:\Users\Kasia\Desktop\Projekt wersja milion\projekt.uvprojx
Project File Date:  06/15/2017

<h2>Output:</h2>
*** Using Compiler 'V5.06 update 3 (build 300)', folder: 'C:\Keil_v5\ARM\ARMCC\Bin'
Build target 'default'
compiling main.c...
application\main.c(29): warning:  #167-D: argument of type "void (*)(void *)" is incompatible with parameter of type "os_thread_func_t"
  	  osThreadNew(taskLED, 
ULL, 
ULL);
application\main.c(30): warning:  #167-D: argument of type "void (*)(void *)" is incompatible with parameter of type "os_thread_func_t"
  		osThreadNew(myThread, 
ULL, 
ULL);
application\main.c: 2 warnings, 0 errors
linking...
Program Size: Code=64884 RO-data=4472 RW-data=10152 ZI-data=184936  
".\Objects\projekt.axf" - 0 Error(s), 2 Warning(s).

<h2>Software Packages used:</h2>

Package Vendor: ARM
                http://www.keil.com/pack/ARM.CMSIS.5.0.0-Beta12.pack
                ::CMSIS:RTOS:1.0 (API)
                CMSIS (Cortex Microcontroller Software Interface Standard)
   * Component: RTOS Version: 1.0
   * Component: RTOS2 Version: 2.0
   * Component: SPI Version: 2.01
   * Component: CORE Version: 5.0.0
   * Component: Keil RTX5 Version: 5.0.0-Alpha
   * Component: Keil RTX5 Variant: Release Version: 5.0.0-Alpha

Package Vendor: Keil
                http://www.keil.com/pack/Keil.MDK-Middleware.7.2.0.pack
                ::Board Support:emWin LCD:1.1 (API)
                Keil MDK-ARM Professional Middleware for ARM Cortex-M based devices
   * Component: emWin LCD Version: 1.1
   * Component: CORE Version: 5.32.2

Package Vendor: Keil
                http://www.keil.com/pack/Keil.STM32F4xx_DFP.2.10.0.pack
                ::Device:STM32Cube Framework:1.0.0 (API)
                STMicroelectronics STM32F4 Series Device Support, Drivers and Examples
   * Component: STM32Cube Framework Version: 1.0.0
   * Component: Startup Version: 2.5.0
   * Component: DMA Version: 1.5.0
   * Component: DMA2D Version: 1.5.0
   * Component: Classic Version: 1.5.0
   * Component: Cortex Version: 1.5.0
   * Component: Common Version: 1.5.0
   * Component: SPI Version: 1.5.0
   * Component: PWR Version: 1.5.0
   * Component: RCC Version: 1.5.0
   * Component: GPIO Version: 1.5.0
   * Component: LTDC Version: 1.5.0
   * Component: SPI Version: 2.8
   * Component: STM32F429I-Discovery Variant: RGB IF Version: 1.0.0
   * Component: emWin LCD Variant: RGB IF Version: 1.0.0

<h2>Collection of Component include folders:</h2>
  C:\Users\Kasia\Desktop\Projekt wersja milion\RTE
  C:\Users\Kasia\Desktop\Projekt wersja milion\RTE\Device\STM32F429ZITx
  C:\Keil_v5\ARM\PACK\ARM\CMSIS\5.0.0-Beta12\CMSIS\Driver\Include
  C:\Keil_v5\ARM\PACK\ARM\CMSIS\5.0.0-Beta12\CMSIS\Include
  C:\Keil_v5\ARM\PACK\ARM\CMSIS\5.0.0-Beta12\CMSIS\RTOS2\Include
  C:\Keil_v5\ARM\PACK\ARM\CMSIS\5.0.0-Beta12\CMSIS\RTOS2\RTX\Include
  C:\Keil_v5\ARM\PACK\ARM\CMSIS\5.0.0-Beta12\CMSIS\RTOS2\RTX\Include1
  C:\Keil_v5\ARM\PACK\Keil\MDK-Middleware\7.2.0\emWin\Include
  C:\Keil_v5\ARM\PACK\Keil\STM32F4xx_DFP\2.10.0\Drivers\CMSIS\Device\ST\STM32F4xx\Include
  C:\Keil_v5\ARM\PACK\Keil\STM32F4xx_DFP\2.10.0\Drivers\STM32F4xx_HAL_Driver\Inc

<h2>Collection of Component Files used:</h2>

   * Component: ::CMSIS:RTOS:1.0 (API)

   * Component: ::CMSIS:RTOS2:2.0 (API)

   * Component: ::CMSIS Driver:SPI:2.01 (API)
      Include file:  CMSIS\Driver\Include\Driver_SPI.h

   * Component: ARM::CMSIS:CORE:5.0.0

   * Component: ARM::CMSIS:RTOS:Keil RTX5:5.0.0-Alpha
      Source file:   CMSIS\RTOS2\RTX\Library\cmsis_os1.c
      Include file:  CMSIS\RTOS2\RTX\Include1\cmsis_os.h

   * Component: ARM::CMSIS:RTOS2:Keil RTX5:Release:5.0.0-Alpha
      Include file:  CMSIS\RTOS2\RTX\Include\rtx_os.h
      Source file:   CMSIS\RTOS2\RTX\Config\RTX_Config.c
      Include file:  CMSIS\RTOS2\Include\cmsis_os2.h
      Source file:   CMSIS\RTOS2\RTX\Source\user_svc.c
      Source file:   CMSIS\RTOS2\RTX\Template\main.c
      Library file:  CMSIS\RTOS2\RTX\Library\ARM\RTX_CM4F.lib

   * Component: ::Board Support:emWin LCD:1.1 (API)
      Include file:  emWin\Include\LCD_X.h

   * Component: Segger.MDK-Pro::Graphics:CORE:5.32.2
      Source file:   emWin\Sample\Config\GUIConf.c
      Source file:   emWin\Sample\Template\GUI_SingleThread.c
      Source file:   emWin\Sample\GUI_X\GUI_X_RTE.c
      Source file:   emWin\Sample\Template\GUI_TemplateThread.c
      Include file:  emWin\Include\GUI.h
      Source file:   emWin\Sample\Template\GUI_MultiThread.c
      Library file:  emWin\Lib\ARM\GUI_CM4F_L.lib

   * Component: ::Device:STM32Cube Framework:1.0.0 (API)

   * Component: Keil::Device:Startup:2.5.0
      Include file:  Drivers\CMSIS\Device\ST\STM32F4xx\Include\stm32f4xx.h
      Source file:   MDK\Device\Source\ARM\STM32F42xxx_43xxx_OPT.s
      Source file:   MDK\Device\Source\ARM\STM32F4xx_OTP.s
      Source file:   Drivers\CMSIS\Device\ST\STM32F4xx\Source\Templates\arm\startup_stm32f429xx.s
      Source file:   Drivers\CMSIS\Device\ST\STM32F4xx\Source\Templates\system_stm32f4xx.c

   * Component: Keil::Device:STM32Cube HAL:DMA:1.5.0
      Source file:   Drivers\STM32F4xx_HAL_Driver\Src\stm32f4xx_hal_dma.c
      Source file:   Drivers\STM32F4xx_HAL_Driver\Src\stm32f4xx_hal_dma_ex.c

   * Component: Keil::Device:STM32Cube HAL:DMA2D:1.5.0
      Source file:   Drivers\STM32F4xx_HAL_Driver\Src\stm32f4xx_hal_dma2d.c

   * Component: Keil::Device:STM32Cube Framework:Classic:1.5.0
      Include file:  CMSIS\Driver\Config\RTE_Device.h
      Include file:  MDK\Templates\Inc\stm32f4xx_hal_conf.h
      Include file:  MDK\Templates\Inc\stm32f4xx_it.h
      Source file:   MDK\Templates\Src\stm32f4xx_it.c
      Include file:  MDK\Templates\Inc\main.h
      Source file:   MDK\Templates\Src\main.c
      Source file:   MDK\Templates\Src\stm32f4xx_hal_msp.c

   * Component: Keil::Device:STM32Cube HAL:Cortex:1.5.0
      Source file:   Drivers\STM32F4xx_HAL_Driver\Src\stm32f4xx_hal_cortex.c

   * Component: Keil::Device:STM32Cube HAL:Common:1.5.0
      Include file:  Drivers\STM32F4xx_HAL_Driver\Inc\stm32f4xx_hal.h
      Source file:   Drivers\STM32F4xx_HAL_Driver\Src\stm32f4xx_hal.c

   * Component: Keil::Device:STM32Cube HAL:SPI:1.5.0
      Source file:   Drivers\STM32F4xx_HAL_Driver\Src\stm32f4xx_hal_spi.c

   * Component: Keil::Device:STM32Cube HAL:PWR:1.5.0
      Source file:   Drivers\STM32F4xx_HAL_Driver\Src\stm32f4xx_hal_pwr.c
      Source file:   Drivers\STM32F4xx_HAL_Driver\Src\stm32f4xx_hal_pwr_ex.c

   * Component: Keil::Device:STM32Cube HAL:RCC:1.5.0
      Source file:   Drivers\STM32F4xx_HAL_Driver\Src\stm32f4xx_hal_rcc.c
      Source file:   Drivers\STM32F4xx_HAL_Driver\Src\stm32f4xx_hal_rcc_ex.c

   * Component: Keil::Device:STM32Cube HAL:GPIO:1.5.0
      Source file:   Drivers\STM32F4xx_HAL_Driver\Src\stm32f4xx_hal_gpio.c

   * Component: Keil::Device:STM32Cube HAL:LTDC:1.5.0
      Source file:   Drivers\STM32F4xx_HAL_Driver\Src\stm32f4xx_hal_ltdc.c

   * Component: Keil::CMSIS Driver:SPI:2.8
      Source file:   CMSIS\Driver\SPI_STM32F4xx.c

   * Component: Keil::Graphics Display:STM32F429I-Discovery:RGB IF:1.0.0
      Source file:   MDK\Boards\ST\STM32F429I-Discovery\Common\LCDConf.c

   * Component: Keil.STM32F429I-Discovery::Board Support:emWin LCD:RGB IF:1.0.0
      Source file:   MDK\Boards\ST\STM32F429I-Discovery\Common\LCD_X.c
Build Time Elapsed:  00:00:04
</pre>
</body>
</html>
