Component: ARM Compiler 5.06 update 3 (build 300) Tool: armlink [4d35c9]

==============================================================================

Section Cross References

    main.o(i.DisplayBackground) refers to gui_2dlib.o(i.GUI_DrawRect) for GUI_DrawRect
    main.o(i.GUIThread) refers to gui_core.o(i.GUI_Init) for GUI_Init
    main.o(i.GUIThread) refers to rtx_mutex.o(.text.osMutexAcquire) for osMutexAcquire
    main.o(i.GUIThread) refers to gui_dispstring.o(i.GUI_DispString) for GUI_DispString
    main.o(i.GUIThread) refers to rtx_delay.o(.text.osDelay) for osDelay
    main.o(i.GUIThread) refers to rtx_mutex.o(.text.osMutexRelease) for osMutexRelease
    main.o(i.GUIThread) refers to main.o(.data) for myMutex
    main.o(i.LED_Init) refers to stm32f4xx_hal_gpio.o(i.HAL_GPIO_Init) for HAL_GPIO_Init
    main.o(i.SystemClock_Config) refers to stm32f4xx_hal_rcc.o(i.HAL_RCC_OscConfig) for HAL_RCC_OscConfig
    main.o(i.SystemClock_Config) refers to stm32f4xx_hal_rcc.o(i.HAL_RCC_ClockConfig) for HAL_RCC_ClockConfig
    main.o(i.main) refers to rtx_kernel.o(.text.osKernelInitialize) for osKernelInitialize
    main.o(i.main) refers to stm32f4xx_hal.o(i.HAL_Init) for HAL_Init
    main.o(i.main) refers to main.o(i.LED_Init) for LED_Init
    main.o(i.main) refers to main.o(i.SystemClock_Config) for SystemClock_Config
    main.o(i.main) refers to rtx_mutex.o(.text.osMutexNew) for osMutexNew
    main.o(i.main) refers to rtx_thread.o(.text.osThreadNew) for osThreadNew
    main.o(i.main) refers to rtx_kernel.o(.text.osKernelStart) for osKernelStart
    main.o(i.main) refers to main.o(.data) for myMutex
    main.o(i.main) refers to main.o(i.taskLED) for taskLED
    main.o(i.main) refers to main.o(i.myThread) for myThread
    main.o(i.myThread) refers to gui_core.o(i.GUI_Init) for GUI_Init
    main.o(i.myThread) refers to main.o(i.DisplayBackground) for DisplayBackground
    main.o(i.myThread) refers to rtx_mutex.o(.text.osMutexAcquire) for osMutexAcquire
    main.o(i.myThread) refers to gui_settextmode.o(i.GUI_SetTextMode) for GUI_SetTextMode
    main.o(i.myThread) refers to gui_dispstringat.o(i.GUI_DispStringAt) for GUI_DispStringAt
    main.o(i.myThread) refers to gui_dispstringhcenter.o(i.GUI_DispStringHCenterAt) for GUI_DispStringHCenterAt
    main.o(i.myThread) refers to gui_char.o(i.GUI_DispNextLine) for GUI_DispNextLine
    main.o(i.myThread) refers to gui_valf.o(i.GUI_DispFloat) for GUI_DispFloat
    main.o(i.myThread) refers to rtx_delay.o(.text.osDelay) for osDelay
    main.o(i.myThread) refers to gui_drawhline.o(i.GUI_DrawHLine) for GUI_DrawHLine
    main.o(i.myThread) refers to rtx_mutex.o(.text.osMutexRelease) for osMutexRelease
    main.o(i.myThread) refers to main.o(.data) for myMutex
    main.o(i.taskLED) refers to stm32f4xx_hal_gpio.o(i.HAL_GPIO_TogglePin) for HAL_GPIO_TogglePin
    main.o(i.taskLED) refers to rtx_delay.o(.text.osDelay) for osDelay
    lcd_x.o(i.LCD_CSX) refers to stm32f4xx_hal_gpio.o(i.HAL_GPIO_WritePin) for HAL_GPIO_WritePin
    lcd_x.o(i.LCD_ReadM) refers to spi_stm32f4xx.o(.constdata) for Driver_SPI5
    lcd_x.o(i.LCD_WRX) refers to stm32f4xx_hal_gpio.o(i.HAL_GPIO_WritePin) for HAL_GPIO_WritePin
    lcd_x.o(i.LCD_WriteM) refers to spi_stm32f4xx.o(.constdata) for Driver_SPI5
    lcd_x.o(i.LCD_X_Init) refers to stm32f4xx_hal_gpio.o(i.HAL_GPIO_Init) for HAL_GPIO_Init
    lcd_x.o(i.LCD_X_Init) refers to stm32f4xx_hal_gpio.o(i.HAL_GPIO_WritePin) for HAL_GPIO_WritePin
    lcd_x.o(i.LCD_X_Init) refers to stm32f4xx_hal_rcc_ex.o(i.HAL_RCCEx_PeriphCLKConfig) for HAL_RCCEx_PeriphCLKConfig
    lcd_x.o(i.LCD_X_Init) refers to spi_stm32f4xx.o(.constdata) for Driver_SPI5
    lcd_x.o(i.LCD_X_Read0_8) refers to lcd_x.o(i.LCD_WRX) for LCD_WRX
    lcd_x.o(i.LCD_X_Read0_8) refers to lcd_x.o(i.LCD_CSX) for LCD_CSX
    lcd_x.o(i.LCD_X_Read0_8) refers to lcd_x.o(i.LCD_ReadM) for LCD_ReadM
    lcd_x.o(i.LCD_X_Read1_8) refers to lcd_x.o(i.LCD_WRX) for LCD_WRX
    lcd_x.o(i.LCD_X_Read1_8) refers to lcd_x.o(i.LCD_CSX) for LCD_CSX
    lcd_x.o(i.LCD_X_Read1_8) refers to lcd_x.o(i.LCD_ReadM) for LCD_ReadM
    lcd_x.o(i.LCD_X_ReadM1_8) refers to lcd_x.o(i.LCD_WRX) for LCD_WRX
    lcd_x.o(i.LCD_X_ReadM1_8) refers to lcd_x.o(i.LCD_CSX) for LCD_CSX
    lcd_x.o(i.LCD_X_ReadM1_8) refers to lcd_x.o(i.LCD_ReadM) for LCD_ReadM
    lcd_x.o(i.LCD_X_Write0_8) refers to lcd_x.o(i.LCD_WRX) for LCD_WRX
    lcd_x.o(i.LCD_X_Write0_8) refers to lcd_x.o(i.LCD_CSX) for LCD_CSX
    lcd_x.o(i.LCD_X_Write0_8) refers to lcd_x.o(i.LCD_WriteM) for LCD_WriteM
    lcd_x.o(i.LCD_X_Write1_8) refers to lcd_x.o(i.LCD_WRX) for LCD_WRX
    lcd_x.o(i.LCD_X_Write1_8) refers to lcd_x.o(i.LCD_CSX) for LCD_CSX
    lcd_x.o(i.LCD_X_Write1_8) refers to lcd_x.o(i.LCD_WriteM) for LCD_WriteM
    lcd_x.o(i.LCD_X_WriteM1_8) refers to lcd_x.o(i.LCD_WRX) for LCD_WRX
    lcd_x.o(i.LCD_X_WriteM1_8) refers to lcd_x.o(i.LCD_CSX) for LCD_CSX
    lcd_x.o(i.LCD_X_WriteM1_8) refers to lcd_x.o(i.LCD_WriteM) for LCD_WriteM
[...]
    0x080019e6   0x00000002   PAD
    0x080019e8   0x0000019e   Code   RO         3041    .text.os_svcMessageQueueGet  RTX_CM4F.lib(rtx_msgqueue.o)
    0x08001b86   0x00000002   PAD
    0x08001b88   0x00000166   Code   RO         3037    .text.os_svcMessageQueueNew  RTX_CM4F.lib(rtx_msgqueue.o)
    0x08001cee   0x00000002   PAD
    0x08001cf0   0x0000012c   Code   RO         3039    .text.os_svcMessageQueuePut  RTX_CM4F.lib(rtx_msgqueue.o)
    0x08001e1c   0x000000ac   Code   RO         2922    .text.os_svcMutexAcquire  RTX_CM4F.lib(rtx_mutex.o)
    0x08001ec8   0x00000072   Code   RO         2920    .text.os_svcMutexNew  RTX_CM4F.lib(rtx_mutex.o)
    0x08001f3a   0x00000002   PAD
    0x08001f3c   0x000000d0   Code   RO         2924    .text.os_svcMutexRelease  RTX_CM4F.lib(rtx_mutex.o)
    0x0800200c   0x0000016a   Code   RO         2809    .text.os_svcThreadExit  RTX_CM4F.lib(rtx_thread.o)
    0x08002176   0x00000002   PAD
    0x08002178   0x0000000c   Code   RO         2789    .text.os_svcThreadGetId  RTX_CM4F.lib(rtx_thread.o)
    0x08002184   0x0000022e   Code   RO         2785    .text.os_svcThreadNew  RTX_CM4F.lib(rtx_thread.o)
    0x080023b2   0x00000002   PAD
    0x080023b4   0x000000fa   Code   RO         2887    .text.os_svcTimerNew  RTX_CM4F.lib(rtx_timer.o)
    0x080024ae   0x00000002   PAD
    0x080024b0   0x000000ce   Code   RO         2889    .text.os_svcTimerStart  RTX_CM4F.lib(rtx_timer.o)
    0x0800257e   0x00000002   PAD
    0x08002580   0x00000010   Code   RO         2401    i.DMA2D_IRQHandler  lcdconf.o
    0x08002590   0x00000012   Code   RO            4    i.DisplayBackground  main.o
    0x080025a2   0x00000002   PAD
    0x080025a4   0x000001d8   Code   RO          507    i.Enable_GPIO_Clock  spi_stm32f4xx.o
    0x0800277c   0x00000040   Code   RO         4573    i.GL_SetDefault     GUI_CM4F_L.lib(gui_setdefault.o)
    0x080027bc   0x0000000c   Code   RO         3136    i.GUICC_M1555I_SetCustColorConv  GUI_CM4F_L.lib(guicc_m1555i.o)
    0x080027c8   0x0000000c   Code   RO         3156    i.GUICC_M4444I_SetCustColorConv  GUI_CM4F_L.lib(guicc_m4444i.o)
    0x080027d4   0x0000000c   Code   RO         3176    i.GUICC_M8888I_SetCustColorConv  GUI_CM4F_L.lib(guicc_m8888i.o)
    0x080027e0   0x0000000c   Code   RO         3561    i.GUICC_M888_SetCustColorConv  GUI_CM4F_L.lib(guicc_m888.o)
    0x080027ec   0x00000134   Code   RO         4041    i.GUIMONO_DispChar  GUI_CM4F_L.lib(gui_charm.o)
    0x08002920   0x00000018   Code   RO         4042    i.GUIMONO_GetCharDistX  GUI_CM4F_L.lib(gui_charm.o)
    0x08002938   0x00000006   Code   RO         4043    i.GUIMONO_GetFontInfo  GUI_CM4F_L.lib(gui_charm.o)
    0x0800293e   0x00000038   Code   RO         4044    i.GUIMONO_IsInFont  GUI_CM4F_L.lib(gui_charm.o)
    0x08002976   0x00000002   PAD
    0x08002978   0x00000064   Code   RO         4105    i.GUITASK_CopyContext  GUI_CM4F_L.lib(gui_task.o)
    0x080029dc   0x00000044   Code   RO         4108    i.GUITASK_Init      GUI_CM4F_L.lib(gui_task.o)
    0x08002a20   0x0000001e   Code   RO         3235    i.GUI_ALLOC_AllocNoInit  GUI_CM4F_L.lib(gui_alloc.o)
    0x08002a3e   0x0000002e   Code   RO         4485    i.GUI_ALLOC_AllocZero  GUI_CM4F_L.lib(gui_alloc_alloczero.o)
    0x08002a6c   0x00000010   Code   RO         3236    i.GUI_ALLOC_AssignMemory  GUI_CM4F_L.lib(gui_alloc.o)
    0x08002a7c   0x0000003c   Code   RO         3237    i.GUI_ALLOC_Free    GUI_CM4F_L.lib(gui_alloc.o)
    0x08002ab8   0x00000018   Code   RO         3238    i.GUI_ALLOC_FreeFixedBlock  GUI_CM4F_L.lib(gui_alloc.o)
    0x08002ad0   0x000000b0   Code   RO         3241    i.GUI_ALLOC_GetFixedBlock  GUI_CM4F_L.lib(gui_alloc.o)
    0x08002b80   0x00000040   Code   RO         3242    i.GUI_ALLOC_GetMaxSize  GUI_CM4F_L.lib(gui_alloc.o)
    0x08002bc0   0x00000010   Code   RO         3250    i.GUI_ALLOC_Lock    GUI_CM4F_L.lib(gui_alloc.o)
    0x08002bd0   0x0000001c   Code   RO         3251    i.GUI_ALLOC_LockH   GUI_CM4F_L.lib(gui_alloc.o)
    0x08002bec   0x00000034   Code   RO         3252    i.GUI_ALLOC_RequestSize  GUI_CM4F_L.lib(gui_alloc.o)
    0x08002c20   0x00000010   Code   RO         3256    i.GUI_ALLOC_Unlock  GUI_CM4F_L.lib(gui_alloc.o)
    0x08002c30   0x00000030   Code   RO         3257    i.GUI_ALLOC_UnlockH  GUI_CM4F_L.lib(gui_alloc.o)
    0x08002c60   0x00000018   Code   RO         3258    i.GUI_ALLOC_h2p     GUI_CM4F_L.lib(gui_alloc.o)
    0x08002c78   0x00000098   Code   RO         4009    i.GUI_AddDecShift   GUI_CM4F_L.lib(gui_adddecshift.o)
    0x08002d10   0x00000018   Code   RO         4010    i.GUI_AddSign       GUI_CM4F_L.lib(gui_adddecshift.o)
    0x08002d28   0x0000003c   Code   RO         4493    i.GUI_CalcColorDist  GUI_CM4F_L.lib(gui_calccolordist.o)
    0x08002d64   0x0000001c   Code   RO         3335    i.GUI_Clear         GUI_CM4F_L.lib(gui_core.o)
    0x08002d80   0x00000068   Code   RO         3336    i.GUI_ClearRect     GUI_CM4F_L.lib(gui_core.o)
    0x08002de8   0x00000050   Code   RO         3379    i.GUI_DEVICE_Create  GUI_CM4F_L.lib(gui_device.o)
    0x08002e38   0x00000028   Code   RO         3380    i.GUI_DEVICE_CreateAndLink  GUI_CM4F_L.lib(gui_device.o)
    0x08002e60   0x00000004   Code   RO         3381    i.GUI_DEVICE_Delete  GUI_CM4F_L.lib(gui_device.o)
    0x08002e64   0x00000088   Code   RO         3382    i.GUI_DEVICE_Link   GUI_CM4F_L.lib(gui_device.o)
    0x08002eec   0x00000012   Code   RO         3383    i.GUI_DEVICE_LinkDevices  GUI_CM4F_L.lib(gui_device.o)
    0x08002efe   0x00000002   PAD
    0x08002f00   0x00000030   Code   RO         3384    i.GUI_DEVICE_Unlink  GUI_CM4F_L.lib(gui_device.o)
    0x08002f30   0x00000004   Code   RO         3385    i.GUI_DEVICE_UnlinkTaskDevices  GUI_CM4F_L.lib(gui_device.o)
    0x08002f34   0x00000024   Code   RO         3387    i.GUI_DEVICE__GetpDriver  GUI_CM4F_L.lib(gui_device.o)
    0x08002f58   0x00000068   Code   RO         3507    i.GUI_Delay         GUI_CM4F_L.lib(gui_time.o)
    0x08002fc0   0x00000014   Code   RO         4170    i.GUI_DispDecShift  GUI_CM4F_L.lib(gui_val.o)
    0x08002fd4   0x0000004e   Code   RO         3517    i.GUI_DispFloat     GUI_CM4F_L.lib(gui_valf.o)
    0x08003022   0x00000002   PAD
    0x08003024   0x00000024   Code   RO         3318    i.GUI_DispNextLine  GUI_CM4F_L.lib(gui_char.o)
    0x08003048   0x0000002a   Code   RO         4173    i.GUI_DispSDecShift  GUI_CM4F_L.lib(gui_val.o)
    0x08003072   0x00000002   PAD
    0x08003074   0x00000108   Code   RO         3403    i.GUI_DispString    GUI_CM4F_L.lib(gui_dispstring.o)
    0x0800317c   0x00000028   Code   RO         3411    i.GUI_DispStringAt  GUI_CM4F_L.lib(gui_dispstringat.o)
    0x080031a4   0x00000034   Code   RO         3419    i.GUI_DispStringHCenterAt  GUI_CM4F_L.lib(gui_dispstringhcenter.o)
    0x080031d8   0x00000058   Code   RO         3427    i.GUI_DrawHLine     GUI_CM4F_L.lib(gui_drawhline.o)
    0x08003230   0x00000080   Code   RO         3222    i.GUI_DrawRect      GUI_CM4F_L.lib(gui_2dlib.o)
    0x080032b0   0x00000014   Code   RO         4055    i.GUI_Exec          GUI_CM4F_L.lib(gui_exec.o)
    0x080032c4   0x00000030   Code   RO         4056    i.GUI_Exec1         GUI_CM4F_L.lib(gui_exec.o)
    0x080032f4   0x00000014   Code   RO         3644    i.GUI_GetBitsPerPixelEx  GUI_CM4F_L.lib(lcd_getex.o)
    0x08003308   0x00000024   Code   RO         3319    i.GUI_GetCharDistX  GUI_CM4F_L.lib(gui_char.o)
    0x0800332c   0x00000028   Code   RO         3320    i.GUI_GetCharDistXEx  GUI_CM4F_L.lib(gui_char.o)
    0x08003354   0x00000018   Code   RO         3435    i.GUI_GetDrawMode   GUI_CM4F_L.lib(gui_getdrawmode.o)
    0x0800336c   0x0000001c   Code   RO         3321    i.GUI_GetFontDistY  GUI_CM4F_L.lib(gui_char.o)
    0x08003388   0x00000026   Code   RO         3476    i.GUI_GetLayerPosEx  GUI_CM4F_L.lib(gui_selectlayer.o)
    0x080033ae   0x0000001a   Code   RO         4886    i.GUI_GetOrg        GUI_CM4F_L.lib(gui_getorg.o)
    0x080033c8   0x0000003c   Code   RO         3322    i.GUI_GetYAdjust    GUI_CM4F_L.lib(gui_char.o)
    0x08003404   0x00000010   Code   RO         3645    i.GUI_GetpfColor2IndexEx  GUI_CM4F_L.lib(lcd_getex.o)
    0x08003414   0x00000010   Code   RO         3646    i.GUI_GetpfIndex2ColorEx  GUI_CM4F_L.lib(lcd_getex.o)
    0x08003424   0x00000022   Code   RO         4066    i.GUI_GotoXY        GUI_CM4F_L.lib(gui_goto.o)
    0x08003446   0x00000002   PAD
    0x08003448   0x00000054   Code   RO         3338    i.GUI_Init          GUI_CM4F_L.lib(gui_core.o)
    0x0800349c   0x0000006c   Code   RO         4110    i.GUI_Lock          GUI_CM4F_L.lib(gui_task.o)
    0x08003508   0x0000002c   Code   RO         4011    i.GUI_Long2Len      GUI_CM4F_L.lib(gui_adddecshift.o)
    0x08003534   0x00000044   Code   RO         5133    i.GUI_MEMDEV_Clear  GUI_CM4F_L.lib(guidev_clear.o)
    0x08003578   0x0000000c   Code   RO         4626    i.GUI_MEMDEV_CopyToLCD  GUI_CM4F_L.lib(guidev.o)
    0x08003584   0x000000a8   Code   RO         4627    i.GUI_MEMDEV_CopyToLCDAt  GUI_CM4F_L.lib(guidev.o)
    0x0800362c   0x00000084   Code   RO         4629    i.GUI_MEMDEV_CreateEx  GUI_CM4F_L.lib(guidev.o)
    0x080036b0   0x00000048   Code   RO         4630    i.GUI_MEMDEV_Delete  GUI_CM4F_L.lib(guidev.o)
    0x080036f8   0x00000158   Code   RO         4652    i.GUI_MEMDEV_Draw   GUI_CM4F_L.lib(guidev_banding.o)
    0x08003850   0x00000032   Code   RO         4631    i.GUI_MEMDEV_GetBitsPerPixel  GUI_CM4F_L.lib(guidev.o)
    0x08003882   0x00000028   Code   RO         5151    i.GUI_MEMDEV_GetDataPtr  GUI_CM4F_L.lib(guidev_getdataptr.o)
    0x080038aa   0x00000002   PAD
    0x080038ac   0x00000034   Code   RO         5177    i.GUI_MEMDEV_GetYSize  GUI_CM4F_L.lib(guidev_getysize.o)
    0x080038e0   0x0000001e   Code   RO         4669    i.GUI_MEMDEV_Paint1Static  GUI_CM4F_L.lib(guidev_staticdevices.o)
    0x080038fe   0x00000002   PAD
    0x08003900   0x00000038   Code   RO         5185    i.GUI_MEMDEV_ReduceYSize  GUI_CM4F_L.lib(guidev_reduceysize.o)
    0x08003938   0x00000050   Code   RO         4633    i.GUI_MEMDEV_Select  GUI_CM4F_L.lib(guidev.o)
    0x08003988   0x00000064   Code   RO         5193    i.GUI_MEMDEV_SetOrg  GUI_CM4F_L.lib(guidev_setorg.o)
    0x080039ec   0x0000000c   Code   RO         5220    i.GUI_MEMDEV_Write  GUI_CM4F_L.lib(guidev_write.o)
    0x080039f8   0x00000068   Code   RO         5221    i.GUI_MEMDEV_WriteAt  GUI_CM4F_L.lib(guidev_write.o)
    0x08003a60   0x000000f4   Code   RO         4634    i.GUI_MEMDEV__CreateFixed  GUI_CM4F_L.lib(guidev.o)
    0x08003b54   0x00000190   Code   RO         5509    i.GUI_MEMDEV__WriteToActiveAlpha  GUI_CM4F_L.lib(guidev_writetoactivealpha.o)
    0x08003ce4   0x00000030   Code   RO         4635    i.GUI_MEMDEV__WriteToActiveAt  GUI_CM4F_L.lib(guidev.o)
    0x08003d14   0x0000003e   Code   RO         4706    i.GUI_MEMDEV__WriteToActiveOpaque  GUI_CM4F_L.lib(guidev_writetoactiveopaque.o)
    0x08003d52   0x00000002   PAD
    0x08003d54   0x0000002c   Code   RO         3448    i.GUI_MULTIBUF_ConfirmEx  GUI_CM4F_L.lib(gui_multibuf.o)
    0x08003d80   0x00000058   Code   RO         4501    i.GUI_MergeRect     GUI_CM4F_L.lib(gui_mergerect.o)
    0x08003dd8   0x0000001e   Code   RO         4509    i.GUI_MoveRect      GUI_CM4F_L.lib(gui_moverect.o)
    0x08003df6   0x00000002   PAD
    0x08003df8   0x00000034   Code   RO         4521    i.GUI_PollKeyMsg    GUI_CM4F_L.lib(gui_onkey.o)
    0x08003e2c   0x00000060   Code   RO         4252    i.GUI_ReadRectEx    GUI_CM4F_L.lib(lcd_readrect.o)
    0x08003e8c   0x00000038   Code   RO         4545    i.GUI_RectsIntersect  GUI_CM4F_L.lib(gui_rectsintersect.o)
    0x08003ec4   0x00000010   Code   RO         4553    i.GUI_RestoreContext  GUI_CM4F_L.lib(gui_savecontext.o)
    0x08003ed4   0x00000010   Code   RO         4554    i.GUI_SaveContext_W  GUI_CM4F_L.lib(gui_savecontext.o)
    0x08003ee4   0x0000001a   Code   RO         4081    i.GUI_SelectLCD     GUI_CM4F_L.lib(gui_selectlcd.o)
    0x08003efe   0x00000002   PAD
    0x08003f00   0x00000038   Code   RO         3478    i.GUI_SelectLayer   GUI_CM4F_L.lib(gui_selectlayer.o)
    0x08003f38   0x00000016   Code   RO         4563    i.GUI_SetBkColor    GUI_CM4F_L.lib(gui_setcolor.o)
    0x08003f4e   0x00000016   Code   RO         4564    i.GUI_SetColor      GUI_CM4F_L.lib(gui_setcolor.o)
    0x08003f64   0x0000000c   Code   RO         3340    i.GUI_SetDefaultFont  GUI_CM4F_L.lib(gui_core.o)
    0x08003f70   0x00000018   Code   RO         5010    i.GUI_SetDrawMode   GUI_CM4F_L.lib(gui_setdrawmode.o)
    0x08003f88   0x00000020   Code   RO         5018    i.GUI_SetFont       GUI_CM4F_L.lib(gui_setfont.o)
    0x08003fa8   0x0000000c   Code   RO         3194    i.GUI_SetFuncAlphaBlending  GUI_CM4F_L.lib(gui__alpha.o)
    0x08003fb4   0x0000000c   Code   RO         3341    i.GUI_SetFuncGetpPalConvTable  GUI_CM4F_L.lib(gui_core.o)
    0x08003fc0   0x0000000c   Code   RO         3195    i.GUI_SetFuncMixColors  GUI_CM4F_L.lib(gui__alpha.o)
    0x08003fcc   0x0000000c   Code   RO         3196    i.GUI_SetFuncMixColorsBulk  GUI_CM4F_L.lib(gui__alpha.o)
    0x08003fd8   0x0000001c   Code   RO         5026    i.GUI_SetLineStyle  GUI_CM4F_L.lib(gui_setlinestyle.o)
    0x08003ff4   0x00000040   Code   RO         4089    i.GUI_SetOrg        GUI_CM4F_L.lib(gui_setorg.o)
    0x08004034   0x0000001c   Code   RO         4899    i.GUI_SetPenSize    GUI_CM4F_L.lib(gui_pen.o)
    0x08004050   0x00000020   Code   RO         4097    i.GUI_SetTextAlign  GUI_CM4F_L.lib(gui_settextalign.o)
    0x08004070   0x00000020   Code   RO         3499    i.GUI_SetTextMode   GUI_CM4F_L.lib(gui_settextmode.o)
    0x08004090   0x00000010   Code   RO         4586    i.GUI_SignalEvent   GUI_CM4F_L.lib(gui_waitevent.o)
    0x080040a0   0x00000010   Code   RO         4523    i.GUI_StoreKey      GUI_CM4F_L.lib(gui_onkey.o)
    0x080040b0   0x00000026   Code   RO         5035    i.GUI_TIMER_Delete  GUI_CM4F_L.lib(gui_timer.o)
    0x080040d6   0x00000032   Code   RO         5037    i.GUI_TIMER_GetFlag  GUI_CM4F_L.lib(gui_timer.o)
    0x08004108   0x00000028   Code   RO         5043    i.GUI_TIMER__GetFirstTimer  GUI_CM4F_L.lib(gui_timer.o)
    0x08004130   0x00000036   Code   RO         5045    i.GUI_TIMER__GetNextTimerLin  GUI_CM4F_L.lib(gui_timer.o)
    0x08004166   0x00000002   PAD
    0x08004168   0x00000010   Code   RO         2285    i.GUI_Tick          gui_x_rte.o
    0x08004178   0x0000002c   Code   RO         4134    i.GUI_UC__GetCharCodeInc  GUI_CM4F_L.lib(gui_uc.o)
    0x080041a4   0x00000028   Code   RO         4136    i.GUI_UC__NumChars2NumBytes  GUI_CM4F_L.lib(gui_uc.o)
    0x080041cc   0x00000028   Code   RO         4694    i.GUI_USAGE_AddRect  GUI_CM4F_L.lib(guidev_usage.o)
    0x080041f4   0x00000074   Code   RO         5201    i.GUI_USAGE_BM_AddHLine  GUI_CM4F_L.lib(guidev_usagebm.o)
    0x08004268   0x0000002c   Code   RO         5202    i.GUI_USAGE_BM_AddPixel  GUI_CM4F_L.lib(guidev_usagebm.o)
    0x08004294   0x0000000e   Code   RO         5203    i.GUI_USAGE_BM_Clear  GUI_CM4F_L.lib(guidev_usagebm.o)
    0x080042a2   0x00000002   PAD
    0x080042a4   0x0000005c   Code   RO         5204    i.GUI_USAGE_BM_Create  GUI_CM4F_L.lib(guidev_usagebm.o)
    0x08004300   0x0000009a   Code   RO         5205    i.GUI_USAGE_BM_GetNextDirty  GUI_CM4F_L.lib(guidev_usagebm.o)
    0x0800439a   0x0000002c   Code   RO         4695    i.GUI_USAGE_DecUseCnt  GUI_CM4F_L.lib(guidev_usage.o)
    0x080043c6   0x00000002   PAD
    0x080043c8   0x00000014   Code   RO         4111    i.GUI_Unlock        GUI_CM4F_L.lib(gui_task.o)
    0x080043dc   0x0000001c   Code   RO         2385    i.GUI_X_Config      guiconf.o
    0x080043f8   0x0000000c   Code   RO         2286    i.GUI_X_Delay       gui_x_rte.o
    0x08004404   0x0000000a   Code   RO         2288    i.GUI_X_ExecIdle    gui_x_rte.o
    0x0800440e   0x00000008   Code   RO         2289    i.GUI_X_GetTaskId   gui_x_rte.o
    0x08004416   0x00000002   PAD
    0x08004418   0x0000000c   Code   RO         2290    i.GUI_X_GetTime     gui_x_rte.o
    0x08004424   0x00000024   Code   RO         2291    i.GUI_X_Init        gui_x_rte.o
    0x08004448   0x00000018   Code   RO         2292    i.GUI_X_InitOS      gui_x_rte.o
    0x08004460   0x00000014   Code   RO         2293    i.GUI_X_Lock        gui_x_rte.o
    0x08004474   0x00000010   Code   RO         2296    i.GUI_X_Unlock      gui_x_rte.o
    0x08004484   0x00000016   Code   RO         3197    i.GUI__AllocAlphaBuffer  GUI_CM4F_L.lib(gui__alpha.o)
    0x0800449a   0x00000002   PAD
    0x0800449c   0x00000024   Code   RO         4937    i.GUI__AlphaPreserveTrans  GUI_CM4F_L.lib(gui_setalpha.o)
    0x080044c0   0x00000124   Code   RO         4834    i.GUI__CompactPixelIndices  GUI_CM4F_L.lib(gui__compactpixelindices.o)
    0x080045e4   0x0000000c   Code   RO         4835    i.GUI__CompactPixelIndicesEx  GUI_CM4F_L.lib(gui__compactpixelindices.o)
    0x080045f0   0x00000038   Code   RO         3342    i.GUI__Config       GUI_CM4F_L.lib(gui_core.o)
    0x08004628   0x00000168   Code   RO         4836    i.GUI__ConvertColor2Index  GUI_CM4F_L.lib(gui__compactpixelindices.o)
    0x08004790   0x000000b0   Code   RO         4022    i.GUI__DispLine     GUI_CM4F_L.lib(gui_charline.o)
    0x08004840   0x000001d0   Code   RO         3198    i.GUI__DoAlphaBlending  GUI_CM4F_L.lib(gui__alpha.o)
    0x08004a10   0x00000142   Code   RO         3992    i.GUI__ExpandPixelIndicesEx  GUI_CM4F_L.lib(gui__expandpixelindices.o)
    0x08004b52   0x00000002   PAD
    0x08004b54   0x0000009c   Code   RO         3199    i.GUI__GetAlphaBuffer  GUI_CM4F_L.lib(gui__alpha.o)
    0x08004bf0   0x00000054   Code   RO         4023    i.GUI__GetLineDistX  GUI_CM4F_L.lib(gui_charline.o)
    0x08004c44   0x00000038   Code   RO         4024    i.GUI__GetLineNumChars  GUI_CM4F_L.lib(gui_charline.o)
    0x08004c7c   0x0000001c   Code   RO         4887    i.GUI__GetOrg       GUI_CM4F_L.lib(gui_getorg.o)
    0x08004c98   0x00000018   Code   RO         4025    i.GUI__GetOverlap   GUI_CM4F_L.lib(gui_charline.o)
    0x08004cb0   0x0000003a   Code   RO         4434    i.GUI__IntersectRect  GUI_CM4F_L.lib(gui__intersectrect.o)
    0x08004cea   0x00000052   Code   RO         4442    i.GUI__IntersectRects  GUI_CM4F_L.lib(gui__intersectrects.o)
    0x08004d3c   0x00000010   Code   RO         4452    i.GUI__ManageCache  GUI_CM4F_L.lib(gui__managecache.o)
    0x08004d4c   0x000000d4   Code   RO         4453    i.GUI__ManageCacheEx  GUI_CM4F_L.lib(gui__managecache.o)
    0x08004e20   0x00000066   Code   RO         3200    i.GUI__MixColors    GUI_CM4F_L.lib(gui__alpha.o)
    0x08004e86   0x0000004e   Code   RO         3201    i.GUI__MixColorsBulk  GUI_CM4F_L.lib(gui__alpha.o)
    0x08004ed4   0x00000010   Code   RO         3343    i.GUI__RegisterExit  GUI_CM4F_L.lib(gui_core.o)
    0x08004ee4   0x0000004c   Code   RO         4001    i.GUI__memset       GUI_CM4F_L.lib(gui__memset.o)
    0x08004f30   0x0000003c   Code   RO         4469    i.GUI__memset16     GUI_CM4F_L.lib(gui__memset16.o)
    0x08004f6c   0x000000aa   Code   RO          955    i.HAL_DMA_Abort     stm32f4xx_hal_dma.o
    0x08005016   0x00000002   PAD
    0x08005018   0x00000180   Code   RO         1296    i.HAL_GPIO_DeInit   stm32f4xx_hal_gpio.o
    0x08005198   0x0000021c   Code   RO         1299    i.HAL_GPIO_Init     stm32f4xx_hal_gpio.o
    0x080053b4   0x00000008   Code   RO         1302    i.HAL_GPIO_TogglePin  stm32f4xx_hal_gpio.o
    0x080053bc   0x0000000c   Code   RO         1303    i.HAL_GPIO_WritePin  stm32f4xx_hal_gpio.o
    0x080053c8   0x0000000c   Code   RO          680    i.HAL_GetTick       stm32f4xx_hal.o
    0x080053d4   0x0000003c   Code   RO          682    i.HAL_Init          stm32f4xx_hal.o
    0x08005410   0x00000028   Code   RO          683    i.HAL_InitTick      stm32f4xx_hal.o
    0x08005438   0x000000b4   Code   RO         1362    i.HAL_LTDC_ConfigCLUT  stm32f4xx_hal_ltdc.o
    0x080054ec   0x00000060   Code   RO         1363    i.HAL_LTDC_ConfigColorKeying  stm32f4xx_hal_ltdc.o
    0x0800554c   0x0000005e   Code   RO         1365    i.HAL_LTDC_ConfigLayer  stm32f4xx_hal_ltdc.o
    0x080055aa   0x0000004c   Code   RO         1370    i.HAL_LTDC_DisableColorKeying  stm32f4xx_hal_ltdc.o
    0x080055f6   0x0000004c   Code   RO         1373    i.HAL_LTDC_EnableCLUT  stm32f4xx_hal_ltdc.o
    0x08005642   0x0000004c   Code   RO         1375    i.HAL_LTDC_EnableColorKeying  stm32f4xx_hal_ltdc.o
    0x0800568e   0x00000002   Code   RO         1378    i.HAL_LTDC_ErrorCallback  stm32f4xx_hal_ltdc.o
    0x08005690   0x0000010c   Code   RO         1381    i.HAL_LTDC_IRQHandler  stm32f4xx_hal_ltdc.o
    0x0800579c   0x00000128   Code   RO         1382    i.HAL_LTDC_Init     stm32f4xx_hal_ltdc.o
    0x080058c4   0x00000088   Code   RO         2402    i.HAL_LTDC_LineEventCallback  lcdconf.o
    0x0800594c   0x00000002   Code   RO         1385    i.HAL_LTDC_MspInit  stm32f4xx_hal_ltdc.o
    0x0800594e   0x00000002   PAD
    0x08005950   0x00000048   Code   RO         1386    i.HAL_LTDC_ProgramLineEvent  stm32f4xx_hal_ltdc.o
    0x08005998   0x00000002   Code   RO         1388    i.HAL_LTDC_ReloadEventCallback  stm32f4xx_hal_ltdc.o
    0x0800599a   0x0000005c   Code   RO         1389    i.HAL_LTDC_SetAddress  stm32f4xx_hal_ltdc.o
    0x080059f6   0x0000005c   Code   RO         1391    i.HAL_LTDC_SetAlpha  stm32f4xx_hal_ltdc.o
    0x08005a52   0x0000006c   Code   RO         1397    i.HAL_LTDC_SetWindowPosition  stm32f4xx_hal_ltdc.o
    0x08005abe   0x00000074   Code   RO         1399    i.HAL_LTDC_SetWindowSize  stm32f4xx_hal_ltdc.o
    0x08005b32   0x00000002   Code   RO          685    i.HAL_MspInit       stm32f4xx_hal.o
    0x08005b34   0x00000024   Code   RO          826    i.HAL_NVIC_DisableIRQ  stm32f4xx_hal_cortex.o
    0x08005b58   0x00000020   Code   RO          827    i.HAL_NVIC_EnableIRQ  stm32f4xx_hal_cortex.o
    0x08005b78   0x0000007c   Code   RO          833    i.HAL_NVIC_SetPriority  stm32f4xx_hal_cortex.o
    0x08005bf4   0x00000028   Code   RO          834    i.HAL_NVIC_SetPriorityGrouping  stm32f4xx_hal_cortex.o
    0x08005c1c   0x00000370   Code   RO         1917    i.HAL_RCCEx_PeriphCLKConfig  stm32f4xx_hal_rcc_ex.o
    0x08005f8c   0x000001d0   Code   RO         1812    i.HAL_RCC_ClockConfig  stm32f4xx_hal_rcc.o
    0x0800615c   0x0000000c   Code   RO         1817    i.HAL_RCC_GetHCLKFreq  stm32f4xx_hal_rcc.o
    0x08006168   0x0000002c   Code   RO         1820    i.HAL_RCC_GetPCLK2Freq  stm32f4xx_hal_rcc.o
    0x08006194   0x000000b4   Code   RO         1821    i.HAL_RCC_GetSysClockFreq  stm32f4xx_hal_rcc.o
    0x08006248   0x0000039c   Code   RO         1824    i.HAL_RCC_OscConfig  stm32f4xx_hal_rcc.o
    0x080065e4   0x00000034   Code   RO          838    i.HAL_SYSTICK_Config  stm32f4xx_hal_cortex.o
    0x08006618   0x00000010   Code   RO         5488    i.LCD_AA_SetAndMask  GUI_CM4F_L.lib(lcd_aa.o)
    0x08006628   0x0000001c   Code   RO          190    i.LCD_CSX           lcd_x.o
    0x08006644   0x0000001c   Code   RO         3579    i.LCD_Color2Index   GUI_CM4F_L.lib(lcd.o)
    0x08006660   0x00000056   Code   RO         3105    i.LCD_Color2Index_8666  GUI_CM4F_L.lib(guicc_8666.o)
    0x080066b6   0x00000002   PAD
    0x080066b8   0x00000204   Code   RO         3580    i.LCD_DrawBitmap    GUI_CM4F_L.lib(lcd.o)
    0x080068bc   0x00000058   Code   RO         3581    i.LCD_DrawHLine     GUI_CM4F_L.lib(lcd.o)
    0x08006914   0x00000068   Code   RO         3582    i.LCD_DrawPixel     GUI_CM4F_L.lib(lcd.o)
    0x0800697c   0x00000054   Code   RO         3583    i.LCD_DrawVLine     GUI_CM4F_L.lib(lcd.o)
    0x080069d0   0x00000058   Code   RO         3584    i.LCD_FillRect      GUI_CM4F_L.lib(lcd.o)
    0x08006a28   0x00000006   Code   RO         3648    i.LCD_GetBitsPerPixelEx  GUI_CM4F_L.lib(lcd_getex.o)
    0x08006a2e   0x00000002   PAD
    0x08006a30   0x00000018   Code   RO         3650    i.LCD_GetDevFunc    GUI_CM4F_L.lib(lcd_getex.o)
    0x08006a48   0x00000006   Code   RO         3652    i.LCD_GetMirrorXEx  GUI_CM4F_L.lib(lcd_getex.o)
    0x08006a4e   0x00000006   Code   RO         3654    i.LCD_GetMirrorYEx  GUI_CM4F_L.lib(lcd_getex.o)
    0x08006a54   0x00000010   Code   RO         3655    i.LCD_GetNumColors  GUI_CM4F_L.lib(lcd_getex.o)
    0x08006a64   0x00000006   Code   RO         3656    i.LCD_GetNumColorsEx  GUI_CM4F_L.lib(lcd_getex.o)
    0x08006a6a   0x0000001a   Code   RO         4236    i.LCD_GetNumLayers  GUI_CM4F_L.lib(lcd_getnumdisplays.o)
    0x08006a84   0x00000010   Code   RO         3657    i.LCD_GetPalette    GUI_CM4F_L.lib(lcd_getex.o)
    0x08006a94   0x00000018   Code   RO         3658    i.LCD_GetPaletteEx  GUI_CM4F_L.lib(lcd_getex.o)
    0x08006aac   0x0000002c   Code   RO         3736    i.LCD_GetPosEx      GUI_CM4F_L.lib(lcd_set.o)
    0x08006ad8   0x00000006   Code   RO         3660    i.LCD_GetSwapXYEx   GUI_CM4F_L.lib(lcd_getex.o)
    0x08006ade   0x00000006   Code   RO         3662    i.LCD_GetVXSizeEx   GUI_CM4F_L.lib(lcd_getex.o)
    0x08006ae4   0x00000006   Code   RO         3663    i.LCD_GetVXSizeMax  GUI_CM4F_L.lib(lcd_getex.o)
    0x08006aea   0x00000006   Code   RO         3665    i.LCD_GetVYSizeEx   GUI_CM4F_L.lib(lcd_getex.o)
    0x08006af0   0x00000010   Code   RO         3669    i.LCD_GetXSize      GUI_CM4F_L.lib(lcd_getex.o)
    0x08006b00   0x0000000c   Code   RO         3670    i.LCD_GetXSizeDisplay  GUI_CM4F_L.lib(lcd_getex.o)
    0x08006b0c   0x00000006   Code   RO         3671    i.LCD_GetXSizeEx    GUI_CM4F_L.lib(lcd_getex.o)
    0x08006b12   0x00000006   Code   RO         3672    i.LCD_GetXSizeMax   GUI_CM4F_L.lib(lcd_getex.o)
    0x08006b18   0x00000010   Code   RO         3675    i.LCD_GetYSize      GUI_CM4F_L.lib(lcd_getex.o)
    0x08006b28   0x0000000c   Code   RO         3676    i.LCD_GetYSizeDisplay  GUI_CM4F_L.lib(lcd_getex.o)
    0x08006b34   0x00000006   Code   RO         3677    i.LCD_GetYSizeEx    GUI_CM4F_L.lib(lcd_getex.o)
    0x08006b3a   0x00000006   Code   RO         3678    i.LCD_GetYSizeMax   GUI_CM4F_L.lib(lcd_getex.o)
    0x08006b40   0x00000004   Code   RO         3623    i.LCD_GetpPalConvTable  GUI_CM4F_L.lib(lcd_color.o)
    0x08006b44   0x00000004   Code   RO         3624    i.LCD_GetpPalConvTableBM  GUI_CM4F_L.lib(lcd_color.o)
    0x08006b48   0x00000048   Code   RO         3625    i.LCD_GetpPalConvTableUncached  GUI_CM4F_L.lib(lcd_color.o)
    0x08006b90   0x0000001c   Code   RO         3585    i.LCD_Index2Color   GUI_CM4F_L.lib(lcd.o)
    0x08006bac   0x00000064   Code   RO         3106    i.LCD_Index2Color_8666  GUI_CM4F_L.lib(guicc_8666.o)
    0x08006c10   0x00000002   Code   RO         4204    i.LCD_Index2Color_888  GUI_CM4F_L.lib(guicc_888_index2color.o)
    0x08006c12   0x00000002   Code   RO         4212    i.LCD_Index2Color_8888  GUI_CM4F_L.lib(guicc_8888_index2color.o)
    0x08006c14   0x0000002c   Code   RO         3542    i.LCD_Index2Color_M565  GUI_CM4F_L.lib(guicc_m565.o)
    0x08006c40   0x00000014   Code   RO         4228    i.LCD_Index2Color_M888  GUI_CM4F_L.lib(guicc_m888_index2color.o)
    0x08006c54   0x0000001e   Code   RO         4220    i.LCD_Index2Color_M8888I  GUI_CM4F_L.lib(guicc_m8888i_index2color.o)
    0x08006c72   0x0000008a   Code   RO         3586    i.LCD_Init          GUI_CM4F_L.lib(lcd.o)
    0x08006cfc   0x00000034   Code   RO         3626    i.LCD_InitColors    GUI_CM4F_L.lib(lcd_color.o)
    0x08006d30   0x0000007c   Code   RO         3627    i.LCD_InitLUT       GUI_CM4F_L.lib(lcd_color.o)
    0x08006dac   0x00000198   Code   RO         4254    i.LCD_ReadRectEx    GUI_CM4F_L.lib(lcd_readrect.o)
    0x08006f44   0x00000040   Code   RO         4602    i.LCD_SelectLCD     GUI_CM4F_L.lib(lcd_selectlcd.o)
    0x08006f84   0x0000000c   Code   RO         3587    i.LCD_SetBkColor    GUI_CM4F_L.lib(lcd.o)
    0x08006f90   0x00000018   Code   RO         3588    i.LCD_SetBkColorIndex  GUI_CM4F_L.lib(lcd.o)
    0x08006fa8   0x00000030   Code   RO         4610    i.LCD_SetClipRectEx  GUI_CM4F_L.lib(lcd_setcliprectex.o)
    0x08006fd8   0x0000001c   Code   RO         3589    i.LCD_SetClipRectMax  GUI_CM4F_L.lib(lcd.o)
    0x08006ff4   0x0000000c   Code   RO         3590    i.LCD_SetColor      GUI_CM4F_L.lib(lcd.o)
    0x08007000   0x00000018   Code   RO         3591    i.LCD_SetColorIndex  GUI_CM4F_L.lib(lcd.o)
    0x08007018   0x0000002c   Code   RO         3747    i.LCD_SetDevFunc    GUI_CM4F_L.lib(lcd_set.o)
    0x08007044   0x0000000c   Code   RO         3681    i.LCD_SetDisplaySize  GUI_CM4F_L.lib(lcd_getex.o)
    0x08007050   0x0000000c   Code   RO         3592    i.LCD_SetDrawMode   GUI_CM4F_L.lib(lcd.o)
    0x0800705c   0x0000002c   Code   RO         3749    i.LCD_SetLUTEntryEx  GUI_CM4F_L.lib(lcd_set.o)
    0x08007088   0x0000002c   Code   RO         3753    i.LCD_SetSizeEx     GUI_CM4F_L.lib(lcd_set.o)
    0x080070b4   0x00000028   Code   RO         3755    i.LCD_SetVRAMAddrEx  GUI_CM4F_L.lib(lcd_set.o)
    0x080070dc   0x0000002c   Code   RO         3757    i.LCD_SetVSizeEx    GUI_CM4F_L.lib(lcd_set.o)
    0x08007108   0x00000024   Code   RO         4618    i.LCD_UpdateColorIndices  GUI_CM4F_L.lib(lcd_updatecolorindices.o)
    0x0800712c   0x00000020   Code   RO          192    i.LCD_WRX           lcd_x.o
    0x0800714c   0x00000028   Code   RO          193    i.LCD_WriteM        lcd_x.o
    0x08007174   0x00000154   Code   RO         2403    i.LCD_X_Config      lcdconf.o
    0x080072c8   0x00000100   Code   RO         2404    i.LCD_X_DisplayDriver  lcdconf.o
    0x080073c8   0x0000019c   Code   RO          194    i.LCD_X_Init        lcd_x.o
    0x08007564   0x0000001e   Code   RO          198    i.LCD_X_Write0_8    lcd_x.o
    0x08007582   0x0000001e   Code   RO          199    i.LCD_X_Write1_8    lcd_x.o
    0x080075a0   0x000001b4   Code   RO         3593    i.LCD__DrawBitmap_1bpp  GUI_CM4F_L.lib(lcd.o)
    0x08007754   0x0000005c   Code   RO         3682    i.LCD__GetBPP       GUI_CM4F_L.lib(lcd_getex.o)
    0x080077b0   0x00000032   Code   RO         3683    i.LCD__GetBPPDevice  GUI_CM4F_L.lib(lcd_getex.o)
    0x080077e2   0x00000002   PAD
    0x080077e4   0x0000004c   Code   RO            6    i.LED_Init          main.o
    0x08007830   0x00000010   Code   RO         2405    i.LTDC_IRQHandler   lcdconf.o
    0x08007840   0x00000212   Code   RO         1401    i.LTDC_SetConfig    stm32f4xx_hal_ltdc.o
    0x08007a52   0x00000002   PAD
    0x08007a54   0x00000018   Code   RO          508    i.SPI5_Control      spi_stm32f4xx.o
    0x08007a6c   0x00000010   Code   RO          509    i.SPI5_GetDataCount  spi_stm32f4xx.o
    0x08007a7c   0x00000010   Code   RO          510    i.SPI5_GetStatus    spi_stm32f4xx.o
    0x08007a8c   0x00000010   Code   RO          511    i.SPI5_IRQHandler   spi_stm32f4xx.o
    0x08007a9c   0x00000014   Code   RO          512    i.SPI5_Initialize   spi_stm32f4xx.o
    0x08007ab0   0x00000014   Code   RO          513    i.SPI5_PowerControl  spi_stm32f4xx.o
    0x08007ac4   0x00000018   Code   RO          514    i.SPI5_Receive      spi_stm32f4xx.o
    0x08007adc   0x00000018   Code   RO          515    i.SPI5_Send         spi_stm32f4xx.o
    0x08007af4   0x0000001c   Code   RO          516    i.SPI5_Transfer     spi_stm32f4xx.o
    0x08007b10   0x00000010   Code   RO          517    i.SPI5_Uninitialize  spi_stm32f4xx.o
    0x08007b20   0x0000000c   Code   RO          518    i.SPIX_GetCapabilities  spi_stm32f4xx.o
    0x08007b2c   0x00000010   Code   RO          519    i.SPIX_GetVersion   spi_stm32f4xx.o
    0x08007b3c   0x00000442   Code   RO          520    i.SPI_Control       spi_stm32f4xx.o
    0x08007f7e   0x00000008   Code   RO          521    i.SPI_GetDataCount  spi_stm32f4xx.o
    0x08007f86   0x0000002c   Code   RO          522    i.SPI_GetStatus     spi_stm32f4xx.o
    0x08007fb2   0x0000020c   Code   RO          523    i.SPI_IRQHandler    spi_stm32f4xx.o
    0x080081be   0x000000b6   Code   RO          524    i.SPI_Initialize    spi_stm32f4xx.o
    0x08008274   0x00000124   Code   RO          525    i.SPI_PeripheralReset  spi_stm32f4xx.o
    0x08008398   0x00000274   Code   RO          526    i.SPI_PowerControl  spi_stm32f4xx.o
    0x0800860c   0x00000094   Code   RO          527    i.SPI_Receive       spi_stm32f4xx.o
    0x080086a0   0x00000094   Code   RO          528    i.SPI_Send          spi_stm32f4xx.o
    0x08008734   0x00000070   Code   RO          529    i.SPI_Transfer      spi_stm32f4xx.o
    0x080087a4   0x00000054   Code   RO          530    i.SPI_Uninitialize  spi_stm32f4xx.o
    0x080087f8   0x00000098   Code   RO            7    i.SystemClock_Config  main.o
    0x08008890   0x00000068   Code   RO         2247    i.SystemInit        system_stm32f4xx.o
    0x080088f8   0x00000244   Code   RO         2248    i.SystemInit_ExtMemCtl  system_stm32f4xx.o
    0x08008b3c   0x00000010   Code   RO         4306    i.WM_Activate       GUI_CM4F_L.lib(wm.o)
    0x08008b4c   0x00000088   Code   RO         4732    i.WM_BringToBottom  GUI_CM4F_L.lib(wm_bringtobottom.o)
    0x08008bd4   0x00000150   Code   RO         4308    i.WM_CreateWindowAsChild  GUI_CM4F_L.lib(wm.o)
    0x08008d24   0x00000020   Code   RO         4309    i.WM_Deactivate     GUI_CM4F_L.lib(wm.o)
    0x08008d44   0x00000046   Code   RO         4310    i.WM_DefaultProc    GUI_CM4F_L.lib(wm.o)
    0x08008d8a   0x0000002a   Code   RO         4795    i.WM_DeleteTimer    GUI_CM4F_L.lib(wm_timer.o)
    0x08008db4   0x000000f0   Code   RO         4311    i.WM_DeleteWindow   GUI_CM4F_L.lib(wm.o)
    0x08008ea4   0x00000090   Code   RO         4312    i.WM_Exec           GUI_CM4F_L.lib(wm.o)
    0x08008f34   0x00000018   Code   RO         4426    i.WM_GetDesktopWindow  GUI_CM4F_L.lib(wm_getdesktopwindow.o)
    0x08008f4c   0x0000001a   Code   RO         4762    i.WM_GetFirstChild  GUI_CM4F_L.lib(wm_getfirstchild.o)
    0x08008f66   0x0000001a   Code   RO         5290    i.WM_GetParent      GUI_CM4F_L.lib(wm_getparent.o)
    0x08008f80   0x00000020   Code   RO         5278    i.WM_GetWindowOrgX  GUI_CM4F_L.lib(wm_getorg.o)
    0x08008fa0   0x000000d4   Code   RO         4315    i.WM_Init           GUI_CM4F_L.lib(wm.o)
    0x08009074   0x00000080   Code   RO         4316    i.WM_InvalidateRect  GUI_CM4F_L.lib(wm.o)
    0x080090f4   0x00000006   Code   RO         4317    i.WM_InvalidateWindow  GUI_CM4F_L.lib(wm.o)
    0x080090fa   0x0000005e   Code   RO         4318    i.WM_InvalidateWindowAndDescsEx  GUI_CM4F_L.lib(wm.o)
    0x08009158   0x0000001e   Code   RO         5593    i.WM_MoveWindow     GUI_CM4F_L.lib(wm_move.o)
    0x08009176   0x00000010   Code   RO         4770    i.WM_NotifyParent   GUI_CM4F_L.lib(wm_notifyparent.o)
    0x08009186   0x00000002   PAD
    0x08009188   0x00000040   Code   RO         5316    i.WM_OnKey          GUI_CM4F_L.lib(wm_onkey.o)
    0x080091c8   0x000000f4   Code   RO         5533    i.WM_ResizeWindow   GUI_CM4F_L.lib(wm_resizewindow.o)
    0x080092bc   0x00000044   Code   RO         4319    i.WM_SelectWindow   GUI_CM4F_L.lib(wm.o)
    0x08009300   0x0000001a   Code   RO         4778    i.WM_SendMessageNoPara  GUI_CM4F_L.lib(wm_sendmessagenopara.o)
    0x0800931a   0x00000026   Code   RO         4786    i.WM_SendToParent   GUI_CM4F_L.lib(wm_sendtoparent.o)
    0x08009340   0x00000014   Code   RO         4321    i.WM_SetDefault     GUI_CM4F_L.lib(wm.o)
    0x08009354   0x00000048   Code   RO         5363    i.WM_SetSize        GUI_CM4F_L.lib(wm_setsize.o)
    0x0800939c   0x00000048   Code   RO         4322    i.WM__ActivateClipRect  GUI_CM4F_L.lib(wm.o)
    0x080093e4   0x00000010   Code   RO         4740    i.WM__AddCriticalHandle  GUI_CM4F_L.lib(wm_criticalhandle.o)
    0x080093f4   0x00000010   Code   RO         4323    i.WM__Client2Screen  GUI_CM4F_L.lib(wm.o)
    0x08009404   0x0000004e   Code   RO         4324    i.WM__ClipAtParentBorders  GUI_CM4F_L.lib(wm.o)
    0x08009452   0x00000052   Code   RO         4798    i.WM__DeleteAssocTimer  GUI_CM4F_L.lib(wm_timer.o)
    0x080094a4   0x00000028   Code   RO         4326    i.WM__DetachWindow  GUI_CM4F_L.lib(wm.o)
    0x080094cc   0x00000020   Code   RO         4752    i.WM__GetClientRectEx  GUI_CM4F_L.lib(wm_getclientrect.o)
    0x080094ec   0x00000018   Code   RO         4327    i.WM__GetClientRectWin  GUI_CM4F_L.lib(wm.o)
    0x08009504   0x00000012   Code   RO         5517    i.WM__GetFirstSibling  GUI_CM4F_L.lib(wm__getfirstsibling.o)
    0x08009516   0x00000002   PAD
    0x08009518   0x00000040   Code   RO         4328    i.WM__GetNextIVR    GUI_CM4F_L.lib(wm.o)
    0x08009558   0x00000024   Code   RO         5234    i.WM__GetPrevSibling  GUI_CM4F_L.lib(wm__getprevsibling.o)
    0x0800957c   0x00000018   Code   RO         4329    i.WM__GetTopLevelLayer  GUI_CM4F_L.lib(wm.o)
    0x08009594   0x000000f0   Code   RO         4330    i.WM__InitIVRSearch  GUI_CM4F_L.lib(wm.o)
    0x08009684   0x000000a4   Code   RO         4331    i.WM__InsertWindowIntoList  GUI_CM4F_L.lib(wm.o)
    0x08009728   0x00000006   Code   RO         4332    i.WM__Invalidate1Abs  GUI_CM4F_L.lib(wm.o)
    0x0800972e   0x00000002   PAD
    0x08009730   0x00000054   Code   RO         4333    i.WM__InvalidateDrawAndDescs  GUI_CM4F_L.lib(wm.o)
    0x08009784   0x0000002a   Code   RO         4334    i.WM__InvalidateParent  GUI_CM4F_L.lib(wm.o)
    0x080097ae   0x00000076   Code   RO         4335    i.WM__InvalidateRect  GUI_CM4F_L.lib(wm.o)
    0x08009824   0x00000006   Code   RO         4336    i.WM__InvalidateRectEx  GUI_CM4F_L.lib(wm.o)
    0x0800982a   0x00000002   PAD
    0x0800982c   0x00000024   Code   RO         4337    i.WM__IsWindow      GUI_CM4F_L.lib(wm.o)
    0x08009850   0x0000009a   Code   RO         5595    i.WM__MoveWindow    GUI_CM4F_L.lib(wm_move.o)
    0x080098ea   0x00000002   PAD
    0x080098ec   0x000000a0   Code   RO         4338    i.WM__Paint         GUI_CM4F_L.lib(wm.o)
    0x0800998c   0x0000008c   Code   RO         4339    i.WM__Paint1        GUI_CM4F_L.lib(wm.o)
    0x08009a18   0x00000078   Code   RO         4340    i.WM__PaintWinAndOverlays  GUI_CM4F_L.lib(wm.o)
    0x08009a90   0x00000020   Code   RO         4341    i.WM__RectIsNZ      GUI_CM4F_L.lib(wm.o)
    0x08009ab0   0x00000040   Code   RO         4342    i.WM__RemoveWindowFromList  GUI_CM4F_L.lib(wm.o)
    0x08009af0   0x00000014   Code   RO         4343    i.WM__SelectTopLevelLayer  GUI_CM4F_L.lib(wm.o)
    0x08009b04   0x0000003c   Code   RO         4723    i.WM__SendMessage   GUI_CM4F_L.lib(wm__sendmessage.o)
    0x08009b40   0x00000026   Code   RO         5268    i.WM__SendMessageNoPara  GUI_CM4F_L.lib(wm__sendmessagenopara.o)
    0x08009b66   0x0000000e   Code   RO         4344    i.WM__SendMsgNoData  GUI_CM4F_L.lib(wm.o)
    0x08009b74   0x000000dc   Code   RO         5574    i.WM__UpdateChildPositions  GUI_CM4F_L.lib(wm__updatechildpositions.o)
    0x08009c50   0x00000090   Code   RO         3260    i._AddFreeMemory    GUI_CM4F_L.lib(gui_alloc.o)
    0x08009ce0   0x000000b8   Code   RO         3261    i._Alloc            GUI_CM4F_L.lib(gui_alloc.o)
    0x08009d98   0x00000004   Code   RO         4151    i._CalcSizeOfChar   GUI_CM4F_L.lib(gui_uc_encodenone.o)
    0x08009d9c   0x0000004c   Code   RO         3543    i._Color2IndexBulk  GUI_CM4F_L.lib(guicc_m565.o)
    0x08009de8   0x00000034   Code   RO         3562    i._Color2IndexBulk  GUI_CM4F_L.lib(guicc_m888.o)
    0x08009e1c   0x0000000e   Code   RO         5077    i._Color2IndexBulk  GUI_CM4F_L.lib(guicc_8888.o)
    0x08009e2a   0x00000002   PAD
    0x08009e2c   0x00000044   Code   RO         3088    i._Color2IndexBulk_1616I  GUI_CM4F_L.lib(guicc_1616i.o)
    0x08009e70   0x00000038   Code   RO         3119    i._Color2IndexBulk_88666I  GUI_CM4F_L.lib(guicc_88666i.o)
    0x08009ea8   0x00000054   Code   RO         3137    i._Color2IndexBulk_M1555I  GUI_CM4F_L.lib(guicc_m1555i.o)
    0x08009efc   0x0000001c   Code   RO         2406    i._Color2IndexBulk_M1555I_DMA2D  lcdconf.o
    0x08009f18   0x00000060   Code   RO         3157    i._Color2IndexBulk_M4444I  GUI_CM4F_L.lib(guicc_m4444i.o)
    0x08009f78   0x0000001c   Code   RO         2407    i._Color2IndexBulk_M4444I_DMA2D  lcdconf.o
    0x08009f94   0x00000044   Code   RO         3177    i._Color2IndexBulk_M8888I  GUI_CM4F_L.lib(guicc_m8888i.o)
    0x08009fd8   0x0000001c   Code   RO         2408    i._Color2IndexBulk_M8888I_DMA2D  lcdconf.o
    0x08009ff4   0x0000001c   Code   RO         2409    i._Color2IndexBulk_M888_DMA2D  lcdconf.o
    0x0800a010   0x00000054   Code   RO         4189    i._Color2Index_0    GUI_CM4F_L.lib(guicc_0.o)
    0x0800a064   0x00000072   Code   RO         3936    i._Color2Index_16   GUI_CM4F_L.lib(guicc_16.o)
    0x0800a0d6   0x00000002   PAD
    0x0800a0d8   0x00000028   Code   RO         3089    i._Color2Index_1616I  GUI_CM4F_L.lib(guicc_1616i.o)
    0x0800a100   0x00000020   Code   RO         3120    i._Color2Index_88666I  GUI_CM4F_L.lib(guicc_88666i.o)
    0x0800a120   0x00000002   Code   RO         5078    i._Color2Index_8888  GUI_CM4F_L.lib(guicc_8888.o)
    0x0800a122   0x00000002   PAD
    0x0800a124   0x00000030   Code   RO         3138    i._Color2Index_M1555I  GUI_CM4F_L.lib(guicc_m1555i.o)
    0x0800a154   0x0000003a   Code   RO         3158    i._Color2Index_M4444I  GUI_CM4F_L.lib(guicc_m4444i.o)
    0x0800a18e   0x00000002   PAD
    0x0800a190   0x0000002c   Code   RO         3544    i._Color2Index_M565  GUI_CM4F_L.lib(guicc_m565.o)
    0x0800a1bc   0x00000014   Code   RO         3563    i._Color2Index_M888  GUI_CM4F_L.lib(guicc_m888.o)
    0x0800a1d0   0x0000001e   Code   RO         3178    i._Color2Index_M8888I  GUI_CM4F_L.lib(guicc_m8888i.o)
    0x0800a1ee   0x0000003e   Code   RO         4707    i._Convert16        GUI_CM4F_L.lib(guidev_writetoactiveopaque.o)
    0x0800a22c   0x0000003e   Code   RO         4708    i._Convert8         GUI_CM4F_L.lib(guidev_writetoactiveopaque.o)
    0x0800a26a   0x00000050   Code   RO         3791    i._CopyBuffer       GUI_CM4F_L.lib(guidrv_lin_16.o)
    0x0800a2ba   0x00000002   PAD
    0x0800a2bc   0x00000148   Code   RO         4674    i._CreateStaticDevice  GUI_CM4F_L.lib(guidev_staticdevices.o)
    0x0800a404   0x00000048   Code   RO         2410    i._DMA_AlphaBlending  lcdconf.o
    0x0800a44c   0x00000040   Code   RO         2411    i._DMA_AlphaBlendingBulk  lcdconf.o
    0x0800a48c   0x00000030   Code   RO         2412    i._DMA_Color2IndexBulk  lcdconf.o
    0x0800a4bc   0x00000040   Code   RO         2413    i._DMA_ConvertColor  lcdconf.o
    0x0800a4fc   0x0000004c   Code   RO         2414    i._DMA_Copy         lcdconf.o
    0x0800a548   0x00000044   Code   RO         2415    i._DMA_DrawBitmapL8  lcdconf.o
    0x0800a58c   0x00000024   Code   RO         2416    i._DMA_ExecOperation  lcdconf.o
    0x0800a5b0   0x00000048   Code   RO         2417    i._DMA_Fill         lcdconf.o
    0x0800a5f8   0x00000030   Code   RO         2418    i._DMA_Index2ColorBulk  lcdconf.o
    0x0800a628   0x00000024   Code   RO         2419    i._DMA_LoadLUT      lcdconf.o
    0x0800a64c   0x0000007c   Code   RO         2420    i._DMA_MixColors    lcdconf.o
    0x0800a6c8   0x00000054   Code   RO         2421    i._DMA_MixColorsBulk  lcdconf.o
    0x0800a71c   0x00000012   Code   RO         4345    i._DeleteAllChildren  GUI_CM4F_L.lib(wm.o)
    0x0800a72e   0x00000002   PAD
    0x0800a730   0x00000020   Code   RO         4346    i._DesktopHandle2Index  GUI_CM4F_L.lib(wm.o)
    0x0800a750   0x00000040   Code   RO         3522    i._DispFloatFix     GUI_CM4F_L.lib(gui_valf.o)
    0x0800a790   0x00000074   Code   RO         4026    i._DispLine         GUI_CM4F_L.lib(gui_charline.o)
    0x0800a804   0x000000f4   Code   RO         3792    i._DrawBitLine1BPP  GUI_CM4F_L.lib(guidrv_lin_16.o)
    0x0800a8f8   0x00000148   Code   RO         4267    i._DrawBitLine1BPP  GUI_CM4F_L.lib(guidev_16.o)
    0x0800aa40   0x0000011c   Code   RO         5092    i._DrawBitLine1BPP  GUI_CM4F_L.lib(guidev_32.o)
    0x0800ab5c   0x00000114   Code   RO         3793    i._DrawBitLine2BPP  GUI_CM4F_L.lib(guidrv_lin_16.o)
    0x0800ac70   0x000000e0   Code   RO         4268    i._DrawBitLine2BPP  GUI_CM4F_L.lib(guidev_16.o)
    0x0800ad50   0x000000e0   Code   RO         5093    i._DrawBitLine2BPP  GUI_CM4F_L.lib(guidev_32.o)
    0x0800ae30   0x000000a0   Code   RO         5094    i._DrawBitLine32BPP_DDB  GUI_CM4F_L.lib(guidev_32.o)
    0x0800aed0   0x00000114   Code   RO         3794    i._DrawBitLine4BPP  GUI_CM4F_L.lib(guidrv_lin_16.o)
    0x0800afe4   0x00000160   Code   RO         4269    i._DrawBitLine4BPP  GUI_CM4F_L.lib(guidev_16.o)
    0x0800b144   0x00000158   Code   RO         5095    i._DrawBitLine4BPP  GUI_CM4F_L.lib(guidev_32.o)
    0x0800b29c   0x000000fc   Code   RO         3795    i._DrawBitLine8BPP  GUI_CM4F_L.lib(guidrv_lin_16.o)
    0x0800b398   0x00000188   Code   RO         3796    i._DrawBitmap       GUI_CM4F_L.lib(guidrv_lin_16.o)
    0x0800b520   0x000002a0   Code   RO         4270    i._DrawBitmap       GUI_CM4F_L.lib(guidev_16.o)
    0x0800b7c0   0x000002a4   Code   RO         5096    i._DrawBitmap       GUI_CM4F_L.lib(guidev_32.o)
    0x0800ba64   0x0000000a   Code   RO         3797    i._DrawHLine        GUI_CM4F_L.lib(guidrv_lin_16.o)
    0x0800ba6e   0x0000000a   Code   RO         4271    i._DrawHLine        GUI_CM4F_L.lib(guidev_16.o)
    0x0800ba78   0x0000000a   Code   RO         5097    i._DrawHLine        GUI_CM4F_L.lib(guidev_32.o)
    0x0800ba82   0x00000002   PAD
    0x0800ba84   0x0000005c   Code   RO         4347    i._DrawNext         GUI_CM4F_L.lib(wm.o)
    0x0800bae0   0x0000000c   Code   RO         3798    i._DrawVLine        GUI_CM4F_L.lib(guidrv_lin_16.o)
    0x0800baec   0x000000b8   Code   RO         4272    i._DrawVLine        GUI_CM4F_L.lib(guidev_16.o)
    0x0800bba4   0x000000ac   Code   RO         5098    i._DrawVLine        GUI_CM4F_L.lib(guidev_32.o)
    0x0800bc50   0x00000006   Code   RO         4152    i._Encode           GUI_CM4F_L.lib(gui_uc_encodenone.o)
    0x0800bc56   0x00000002   PAD
    0x0800bc58   0x00000098   Code   RO         3262    i._EnlargeBlocks    GUI_CM4F_L.lib(gui_alloc.o)
    0x0800bcf0   0x00000078   Code   RO         4348    i._Exec1Input       GUI_CM4F_L.lib(wm.o)
    0x0800bd68   0x00000028   Code   RO         3799    i._FillRect         GUI_CM4F_L.lib(guidrv_lin_16.o)
    0x0800bd90   0x000000ac   Code   RO         4273    i._FillRect         GUI_CM4F_L.lib(guidev_16.o)
    0x0800be3c   0x000000a4   Code   RO         5099    i._FillRect         GUI_CM4F_L.lib(guidev_32.o)
    0x0800bee0   0x0000014c   Code   RO         3800    i._FillRectOpt16    GUI_CM4F_L.lib(guidrv_lin_16.o)
    0x0800c02c   0x00000148   Code   RO         4349    i._FindNext_IVR     GUI_CM4F_L.lib(wm.o)
    0x0800c174   0x0000007c   Code   RO         4350    i._Findx0           GUI_CM4F_L.lib(wm.o)
    0x0800c1f0   0x00000072   Code   RO         4351    i._Findx1           GUI_CM4F_L.lib(wm.o)
    0x0800c262   0x000000a6   Code   RO         4352    i._Findy1           GUI_CM4F_L.lib(wm.o)
    0x0800c308   0x00000004   Code   RO         5206    i._GUI_USAGE_BM_Delete  GUI_CM4F_L.lib(guidev_usagebm.o)
    0x0800c30c   0x00000028   Code   RO         2422    i._GetBufferSize    lcdconf.o
    0x0800c334   0x00000004   Code   RO         4153    i._GetCharCode      GUI_CM4F_L.lib(gui_uc_encodenone.o)
    0x0800c338   0x00000004   Code   RO         4154    i._GetCharSize      GUI_CM4F_L.lib(gui_uc_encodenone.o)
    0x0800c33c   0x00000010   Code   RO         3801    i._GetDevData       GUI_CM4F_L.lib(guidrv_lin_16.o)
    0x0800c34c   0x00000010   Code   RO         4274    i._GetDevData       GUI_CM4F_L.lib(guidev_16.o)
    0x0800c35c   0x00000010   Code   RO         5100    i._GetDevData       GUI_CM4F_L.lib(guidev_32.o)
    0x0800c36c   0x000000dc   Code   RO         3802    i._GetDevFunc       GUI_CM4F_L.lib(guidrv_lin_16.o)
    0x0800c448   0x00000010   Code   RO         4275    i._GetDevFunc       GUI_CM4F_L.lib(guidev_16.o)
    0x0800c458   0x00000010   Code   RO         5101    i._GetDevFunc       GUI_CM4F_L.lib(guidev_32.o)
    0x0800c468   0x0000001e   Code   RO         3684    i._GetDevProp       GUI_CM4F_L.lib(lcd_getex.o)
    0x0800c486   0x0000003c   Code   RO         3803    i._GetDevProp       GUI_CM4F_L.lib(guidrv_lin_16.o)
    0x0800c4c2   0x00000010   Code   RO         4276    i._GetDevProp       GUI_CM4F_L.lib(guidev_16.o)
    0x0800c4d2   0x0000000c   Code   RO         5102    i._GetDevProp       GUI_CM4F_L.lib(guidev_32.o)
    0x0800c4de   0x00000052   Code   RO         4190    i._GetIndexMask_0   GUI_CM4F_L.lib(guicc_0.o)
    0x0800c530   0x00000004   Code   RO         3937    i._GetIndexMask_16  GUI_CM4F_L.lib(guicc_16.o)
    0x0800c534   0x00000004   Code   RO         3090    i._GetIndexMask_1616I  GUI_CM4F_L.lib(guicc_1616i.o)
    0x0800c538   0x00000004   Code   RO         3107    i._GetIndexMask_8666  GUI_CM4F_L.lib(guicc_8666.o)
    0x0800c53c   0x00000006   Code   RO         3121    i._GetIndexMask_88666I  GUI_CM4F_L.lib(guicc_88666i.o)
    0x0800c542   0x00000006   Code   RO         5079    i._GetIndexMask_8888  GUI_CM4F_L.lib(guicc_8888.o)
    0x0800c548   0x00000006   Code   RO         3139    i._GetIndexMask_M1555I  GUI_CM4F_L.lib(guicc_m1555i.o)
    0x0800c54e   0x00000006   Code   RO         3159    i._GetIndexMask_M4444I  GUI_CM4F_L.lib(guicc_m4444i.o)
    0x0800c554   0x00000006   Code   RO         3545    i._GetIndexMask_M565  GUI_CM4F_L.lib(guicc_m565.o)
    0x0800c55a   0x00000006   Code   RO         3564    i._GetIndexMask_M888  GUI_CM4F_L.lib(guicc_m888.o)
    0x0800c560   0x00000006   Code   RO         3179    i._GetIndexMask_M8888I  GUI_CM4F_L.lib(guicc_m8888i.o)
    0x0800c566   0x0000001e   Code   RO         3685    i._GetMaxValue      GUI_CM4F_L.lib(lcd_getex.o)
    0x0800c584   0x0000001c   Code   RO         3263    i._GetMinIndex      GUI_CM4F_L.lib(gui_alloc.o)
    0x0800c5a0   0x00000010   Code   RO         3804    i._GetPixelIndex    GUI_CM4F_L.lib(guidrv_lin_16.o)
    0x0800c5b0   0x0000000e   Code   RO         4277    i._GetPixelIndex    GUI_CM4F_L.lib(guidev_16.o)
    0x0800c5be   0x0000000e   Code   RO         5103    i._GetPixelIndex    GUI_CM4F_L.lib(guidev_32.o)
    0x0800c5cc   0x00000088   Code   RO         2423    i._GetPixelformat   lcdconf.o
    0x0800c654   0x0000001c   Code   RO         3805    i._GetPos           GUI_CM4F_L.lib(guidrv_lin_16.o)
    0x0800c670   0x00000016   Code   RO         3806    i._GetRect          GUI_CM4F_L.lib(guidrv_lin_16.o)
    0x0800c686   0x00000030   Code   RO         4278    i._GetRect          GUI_CM4F_L.lib(guidev_16.o)
    0x0800c6b6   0x00000030   Code   RO         5104    i._GetRect          GUI_CM4F_L.lib(guidev_32.o)
    0x0800c6e6   0x00000002   PAD
    0x0800c6e8   0x0000003c   Code   RO         4112    i._GetTaskNo        GUI_CM4F_L.lib(gui_task.o)
    0x0800c724   0x00000010   Code   RO         4068    i._GotoX            GUI_CM4F_L.lib(gui_goto.o)
    0x0800c734   0x00000010   Code   RO         4069    i._GotoY            GUI_CM4F_L.lib(gui_goto.o)
    0x0800c744   0x0000001c   Code   RO         4525    i._IncPointer       GUI_CM4F_L.lib(gui_onkey.o)
    0x0800c760   0x00000006   Code   RO         4526    i._IncReadPointer   GUI_CM4F_L.lib(gui_onkey.o)
    0x0800c766   0x00000002   PAD
    0x0800c768   0x00000058   Code   RO         3546    i._Index2ColorBulk  GUI_CM4F_L.lib(guicc_m565.o)
    0x0800c7c0   0x00000034   Code   RO         3565    i._Index2ColorBulk  GUI_CM4F_L.lib(guicc_m888.o)
    0x0800c7f4   0x0000000e   Code   RO         5080    i._Index2ColorBulk  GUI_CM4F_L.lib(guicc_8888.o)
    0x0800c802   0x00000002   PAD
    0x0800c804   0x0000004c   Code   RO         3091    i._Index2ColorBulk_1616I  GUI_CM4F_L.lib(guicc_1616i.o)
    0x0800c850   0x00000044   Code   RO         3122    i._Index2ColorBulk_88666I  GUI_CM4F_L.lib(guicc_88666i.o)
    0x0800c894   0x0000005c   Code   RO         3140    i._Index2ColorBulk_M1555I  GUI_CM4F_L.lib(guicc_m1555i.o)
    0x0800c8f0   0x0000001c   Code   RO         2424    i._Index2ColorBulk_M1555I_DMA2D  lcdconf.o
    0x0800c90c   0x0000005c   Code   RO         3160    i._Index2ColorBulk_M4444I  GUI_CM4F_L.lib(guicc_m4444i.o)
    0x0800c968   0x0000001c   Code   RO         2425    i._Index2ColorBulk_M4444I_DMA2D  lcdconf.o
    0x0800c984   0x00000044   Code   RO         3180    i._Index2ColorBulk_M8888I  GUI_CM4F_L.lib(guicc_m8888i.o)
    0x0800c9c8   0x0000001c   Code   RO         2426    i._Index2ColorBulk_M8888I_DMA2D  lcdconf.o
    0x0800c9e4   0x0000001c   Code   RO         2427    i._Index2ColorBulk_M888_DMA2D  lcdconf.o
    0x0800ca00   0x00000020   Code   RO         4191    i._Index2Color_0    GUI_CM4F_L.lib(guicc_0.o)
    0x0800ca20   0x00000036   Code   RO         3938    i._Index2Color_16   GUI_CM4F_L.lib(guicc_16.o)
    0x0800ca56   0x00000002   PAD
    0x0800ca58   0x00000028   Code   RO         3092    i._Index2Color_1616I  GUI_CM4F_L.lib(guicc_1616i.o)
    0x0800ca80   0x00000020   Code   RO         3123    i._Index2Color_88666I  GUI_CM4F_L.lib(guicc_88666i.o)
    0x0800caa0   0x00000030   Code   RO         3141    i._Index2Color_M1555I  GUI_CM4F_L.lib(guicc_m1555i.o)
    0x0800cad0   0x00000030   Code   RO         3161    i._Index2Color_M4444I  GUI_CM4F_L.lib(guicc_m4444i.o)
    0x0800cb00   0x00000018   Code   RO         3807    i._Init             GUI_CM4F_L.lib(guidrv_lin_16.o)
    0x0800cb18   0x00000074   Code   RO         3344    i._InitContext      GUI_CM4F_L.lib(gui_core.o)
    0x0800cb8c   0x0000028c   Code   RO         2428    i._InitIL9341       lcdconf.o
    0x0800ce18   0x000000a8   Code   RO         3264    i._InitOnce         GUI_CM4F_L.lib(gui_alloc.o)
    0x0800cec0   0x00000024   Code   RO         3808    i._InitOnce         GUI_CM4F_L.lib(guidrv_lin_16.o)
    0x0800cee4   0x00000080   Code   RO         4353    i._Invalidate1Abs   GUI_CM4F_L.lib(wm.o)
    0x0800cf64   0x00000014   Code   RO         2429    i._InvertAlpha      lcdconf.o
    0x0800cf78   0x0000002c   Code   RO         2430    i._InvertAlpha_SwapRB  lcdconf.o
    0x0800cfa4   0x00000060   Code   RO         2431    i._LCD_CopyBuffer   lcdconf.o
    0x0800d004   0x0000009c   Code   RO         2432    i._LCD_CopyRect     lcdconf.o
    0x0800d0a0   0x00000020   Code   RO         2433    i._LCD_DisplayOff   lcdconf.o
    0x0800d0c0   0x00000020   Code   RO         2434    i._LCD_DisplayOn    lcdconf.o
    0x0800d0e0   0x00000084   Code   RO         2435    i._LCD_DrawBitmap16bpp  lcdconf.o
    0x0800d164   0x00000084   Code   RO         2436    i._LCD_DrawBitmap8bpp  lcdconf.o
    0x0800d1e8   0x000000a8   Code   RO         2437    i._LCD_FillRect     lcdconf.o
    0x0800d290   0x0000006c   Code   RO         2438    i._LCD_GetpPalConvTable  lcdconf.o
    0x0800d2fc   0x000001d8   Code   RO         2439    i._LCD_InitController  lcdconf.o
    0x0800d4d4   0x00000078   Code   RO         2440    i._LCD_MixColorsBulk  lcdconf.o
    0x0800d54c   0x0000002c   Code   RO         2441    i._LCD_SetChroma    lcdconf.o
    0x0800d578   0x00000020   Code   RO         2442    i._LCD_SetChromaMode  lcdconf.o
    0x0800d598   0x00000034   Code   RO         2443    i._LCD_SetLUTEntry  lcdconf.o
    0x0800d5cc   0x00000018   Code   RO         2444    i._LCD_SetLayerAlpha  lcdconf.o
    0x0800d5e4   0x0000001c   Code   RO         2445    i._LCD_SetLayerPos  lcdconf.o
    0x0800d600   0x0000001c   Code   RO         2446    i._LCD_SetLayerSize  lcdconf.o
    0x0800d61c   0x00000044   Code   RO         2447    i._LCD_SetOrg       lcdconf.o
    0x0800d660   0x0000004c   Code   RO         2448    i._LCD_SetVis       lcdconf.o
    0x0800d6ac   0x00000002   Code   RO         4027    i._Log2VisBuffered  GUI_CM4F_L.lib(gui_charline.o)
    0x0800d6ae   0x00000008   Code   RO         4654    i._Min              GUI_CM4F_L.lib(guidev_banding.o)
    0x0800d6b6   0x0000006e   Code   RO         5596    i._MoveDescendents  GUI_CM4F_L.lib(wm_move.o)
    0x0800d724   0x0000000a   Code   RO         3809    i._Off              GUI_CM4F_L.lib(guidrv_lin_16.o)
    0x0800d72e   0x0000000a   Code   RO         3810    i._On               GUI_CM4F_L.lib(guidrv_lin_16.o)
    0x0800d738   0x00000028   Code   RO         3203    i._OnExit           GUI_CM4F_L.lib(gui__alpha.o)
    0x0800d760   0x00000034   Code   RO         3265    i._OnExit           GUI_CM4F_L.lib(gui_alloc.o)
    0x0800d794   0x0000002c   Code   RO         3345    i._OnExit           GUI_CM4F_L.lib(gui_core.o)
    0x0800d7c0   0x00000014   Code   RO         3629    i._OnExit           GUI_CM4F_L.lib(lcd_color.o)
    0x0800d7d4   0x00000014   Code   RO         4113    i._OnExit           GUI_CM4F_L.lib(gui_task.o)
    0x0800d7e8   0x00000034   Code   RO         4354    i._OnExit           GUI_CM4F_L.lib(wm.o)
    0x0800d81c   0x00000024   Code   RO         4355    i._Paint1           GUI_CM4F_L.lib(wm.o)
    0x0800d840   0x0000008c   Code   RO         4356    i._Paint1Trans      GUI_CM4F_L.lib(wm.o)
    0x0800d8cc   0x0000009a   Code   RO         4357    i._PaintTransChildren  GUI_CM4F_L.lib(wm.o)
    0x0800d966   0x00000002   PAD
    0x0800d968   0x00000040   Code   RO         3266    i._PopFreeBlock     GUI_CM4F_L.lib(gui_alloc.o)
    0x0800d9a8   0x00000028   Code   RO         3267    i._PushFreeBlock    GUI_CM4F_L.lib(gui_alloc.o)
    0x0800d9d0   0x00000030   Code   RO         3811    i._ReadRect         GUI_CM4F_L.lib(guidrv_lin_16.o)
    0x0800da00   0x00000034   Code   RO         3268    i._RemoveFreeBlock  GUI_CM4F_L.lib(gui_alloc.o)
    0x0800da34   0x0000005c   Code   RO         5050    i._RemoveFromLinList  GUI_CM4F_L.lib(gui_timer.o)
    0x0800da90   0x000000a0   Code   RO         3269    i._RemoveHoles      GUI_CM4F_L.lib(gui_alloc.o)
    0x0800db30   0x00000048   Code   RO         3525    i._RoundHalfUp      GUI_CM4F_L.lib(gui_valf.o)
    0x0800db78   0x00000026   Code   RO         3812    i._SetAlpha         GUI_CM4F_L.lib(guidrv_lin_16.o)
    0x0800db9e   0x00000010   Code   RO         3813    i._SetAlphaMode     GUI_CM4F_L.lib(guidrv_lin_16.o)
    0x0800dbae   0x00000002   PAD
    0x0800dbb0   0x00000020   Code   RO         3594    i._SetBkColor       GUI_CM4F_L.lib(lcd.o)
    0x0800dbd0   0x00000012   Code   RO         3814    i._SetChroma        GUI_CM4F_L.lib(guidrv_lin_16.o)
    0x0800dbe2   0x00000010   Code   RO         3815    i._SetChromaMode    GUI_CM4F_L.lib(guidrv_lin_16.o)
    0x0800dbf2   0x00000002   PAD
    0x0800dbf4   0x0000004c   Code   RO         4358    i._SetClipRectUserIntersect  GUI_CM4F_L.lib(wm.o)
    0x0800dc40   0x00000020   Code   RO         3595    i._SetColor         GUI_CM4F_L.lib(lcd.o)
    0x0800dc60   0x00000044   Code   RO         3816    i._SetDevFunc       GUI_CM4F_L.lib(guidrv_lin_16.o)
    0x0800dca4   0x0000002c   Code   RO         3596    i._SetDrawMode      GUI_CM4F_L.lib(lcd.o)
    0x0800dcd0   0x000000a4   Code   RO         3817    i._SetOrg           GUI_CM4F_L.lib(guidrv_lin_16.o)
    0x0800dd74   0x0000000e   Code   RO         4279    i._SetOrg           GUI_CM4F_L.lib(guidev_16.o)
    0x0800dd82   0x00000008   Code   RO         5105    i._SetOrg           GUI_CM4F_L.lib(guidev_32.o)
    0x0800dd8a   0x00000012   Code   RO         3818    i._SetPixelIndex    GUI_CM4F_L.lib(guidrv_lin_16.o)
    0x0800dd9c   0x00000048   Code   RO         4280    i._SetPixelIndex    GUI_CM4F_L.lib(guidev_16.o)
    0x0800dde4   0x00000048   Code   RO         5106    i._SetPixelIndex    GUI_CM4F_L.lib(guidev_32.o)
    0x0800de2c   0x000000ea   Code   RO         3819    i._SetPos           GUI_CM4F_L.lib(guidrv_lin_16.o)
    0x0800df16   0x00000044   Code   RO         3820    i._SetSize          GUI_CM4F_L.lib(guidrv_lin_16.o)
    0x0800df5a   0x00000028   Code   RO         3821    i._SetVRAMAddr      GUI_CM4F_L.lib(guidrv_lin_16.o)
    0x0800df82   0x0000002a   Code   RO         3822    i._SetVSize         GUI_CM4F_L.lib(guidrv_lin_16.o)
    0x0800dfac   0x00000026   Code   RO         3823    i._SetVis           GUI_CM4F_L.lib(guidrv_lin_16.o)
    0x0800dfd2   0x00000024   Code   RO         3824    i._ShowBuffer       GUI_CM4F_L.lib(guidrv_lin_16.o)
    0x0800dff6   0x00000002   PAD
    0x0800dff8   0x000000ea   Code   RO         3270    i._TestRAM          GUI_CM4F_L.lib(gui_alloc.o)
    0x0800e0e2   0x00000002   PAD
    0x0800e0e4   0x00000050   Code   RO         5051    i._Unlink           GUI_CM4F_L.lib(gui_timer.o)
    0x0800e134   0x0000000e   Code   RO         3271    i._WriteTagData     GUI_CM4F_L.lib(gui_alloc.o)
    0x0800e142   0x00000002   PAD
    0x0800e144   0x00000340   Code   RO         4709    i._WriteToActiveOpaque_8  GUI_CM4F_L.lib(guidev_writetoactiveopaque.o)
    0x0800e484   0x00000344   Code   RO         4710    i._WriteToActiveOpaque_HT  GUI_CM4F_L.lib(guidev_writetoactiveopaque.o)
    0x0800e7c8   0x0000003c   Code   RO         4281    i._XY2PTR           GUI_CM4F_L.lib(guidev_16.o)
    0x0800e804   0x0000003c   Code   RO         5107    i._XY2PTR           GUI_CM4F_L.lib(guidev_32.o)
    0x0800e840   0x00000028   Code   RO         3825    i._XorPixel         GUI_CM4F_L.lib(guidrv_lin_16.o)
    0x0800e868   0x00000054   Code   RO         4282    i._XorPixel         GUI_CM4F_L.lib(guidev_16.o)
    0x0800e8bc   0x00000058   Code   RO         5108    i._XorPixel         GUI_CM4F_L.lib(guidev_32.o)
    0x0800e914   0x00000010   Code   RO          840    i.__NVIC_GetPriorityGrouping  stm32f4xx_hal_cortex.o
    0x0800e924   0x00000028   Code   RO          841    i.__NVIC_SetPriority  stm32f4xx_hal_cortex.o
    0x0800e94c   0x00000004   PAD
    0x0800e950   0x00000118   Code   RO         5632    i.__hardfp_ceil     m_wm.l(ceil.o)
    0x0800ea68   0x00000118   Code   RO         5638    i.__hardfp_floor    m_wm.l(floor.o)
    0x0800eb80   0x00000050   Code   RO         4359    i._cbBackWin        GUI_CM4F_L.lib(wm.o)
    0x0800ebd0   0x00000044   Code   RO         4360    i._cbPaintMemDev    GUI_CM4F_L.lib(wm.o)
    0x0800ec14   0x00000008   Code   RO          430    i._platform_post_stackheap_init  rtx_config.o
    0x0800ec1c   0x00000044   Code   RO            8    i.main              main.o
    0x0800ec60   0x00000074   Code   RO            9    i.myThread          main.o
    0x0800ecd4   0x00000012   Code   RO          286    i.osMutexCreate     cmsis_os1.o
    0x0800ece6   0x0000001c   Code   RO          297    i.osTimerCreate     cmsis_os1.o
    0x0800ed02   0x00000020   Code   RO          431    i.os_Error          rtx_config.o
    0x0800ed22   0x00000004   Code   RO          432    i.os_IdleThread     rtx_config.o
    0x0800ed26   0x00000002   PAD
    0x0800ed28   0x0000001c   Code   RO           10    i.taskLED           main.o
    0x0800ed44   0x000002c4   Code   RO         5628    x$fpl$d2f           g_wm.l(d2f_clz.o)
    0x0800f008   0x0000024c   Code   RO         5647    x$fpl$dadd          g_wm.l(daddsub_clz.o)
    0x0800f254   0x00000018   Code   RO         5711    x$fpl$dcmpinf       g_wm.l(dcmpi.o)
    0x0800f26c   0x0000001a   Code   RO         5655    x$fpl$dfltn         g_wm.l(dflt_clz.o)
    0x0800f286   0x00000002   PAD
    0x0800f288   0x00000078   Code   RO         5693    x$fpl$dleqf         g_wm.l(dleqf.o)
    0x0800f300   0x00000102   Code   RO         5659    x$fpl$dnaninf       g_wm.l(dnaninf.o)
    0x0800f402   0x00000070   Code   RO         5713    x$fpl$drenorm       g_wm.l(drenorm_clz.o)
    0x0800f472   0x0000000c   Code   RO         5661    x$fpl$dretinf       g_wm.l(dretinf.o)
    0x0800f47e   0x00000062   Code   RO         5663    x$fpl$drleqf        g_wm.l(drleqf.o)
    0x0800f4e0   0x00000050   Code   RO         5648    x$fpl$drsb          g_wm.l(daddsub_clz.o)
    0x0800f530   0x0000029c   Code   RO         5649    x$fpl$dsub          g_wm.l(daddsub_clz.o)
    0x0800f7cc   0x0000017a   Code   RO         5695    x$fpl$dunder        g_wm.l(dunder_clz.o)
    0x0800f946   0x00000002   PAD
    0x0800f948   0x000001ec   Code   RO         5665    x$fpl$exception     g_wm.l(except.o)
    0x0800fb34   0x0000007a   Code   RO         5630    x$fpl$f2d           g_wm.l(f2d.o)
    0x0800fbae   0x000000f2   Code   RO         5667    x$fpl$fnaninf       g_wm.l(fnaninf.o)
    0x0800fca0   0x0000000a   Code   RO         5786    x$fpl$fpinit        g_wm.l(fpinit.o)
    0x0800fcaa   0x0000000a   Code   RO         5669    x$fpl$fretinf       g_wm.l(fretinf.o)
    0x0800fcb4   0x0000013c   Code   RO         5671    x$fpl$funder        g_wm.l(funder_clz.o)
    0x0800fdf0   0x000000b2   Code   RO         5697    x$fpl$retnan        g_wm.l(retnan.o)
    0x0800fea2   0x0000007e   Code   RO         5673    x$fpl$trapveneer    g_wm.l(trapv.o)
    0x0800ff20   0x00000000   Code   RO         5675    x$fpl$usenofp       g_wm.l(usenofp.o)
    0x0800ff20   0x000000c4   Data   RO          434    .constdata          rtx_config.o
    0x0800ffe4   0x00000084   Data   RO          532    .constdata          spi_stm32f4xx.o
    0x08010068   0x00000010   Data   RO         1825    .constdata          stm32f4xx_hal_rcc.o
    0x08010078   0x00000024   Data   RO         2300    .constdata          gui_x_rte.o
    0x0801009c   0x00000008   Data   RO         2451    .constdata          lcdconf.o
    0x080100a4   0x00000018   Data   RO         3093    .constdata          GUI_CM4F_L.lib(guicc_1616i.o)
    0x080100bc   0x00000018   Data   RO         3108    .constdata          GUI_CM4F_L.lib(guicc_8666.o)
    0x080100d4   0x00000018   Data   RO         3124    .constdata          GUI_CM4F_L.lib(guicc_88666i.o)
    0x080100ec   0x00000018   Data   RO         3142    .constdata          GUI_CM4F_L.lib(guicc_m1555i.o)
    0x08010104   0x00000018   Data   RO         3162    .constdata          GUI_CM4F_L.lib(guicc_m4444i.o)
    0x0801011c   0x00000018   Data   RO         3181    .constdata          GUI_CM4F_L.lib(guicc_m8888i.o)
    0x08010134   0x00000008   Data   RO         3347    .constdata          GUI_CM4F_L.lib(gui_core.o)
    0x0801013c   0x00000018   Data   RO         3547    .constdata          GUI_CM4F_L.lib(guicc_m565.o)
    0x08010154   0x00000018   Data   RO         3566    .constdata          GUI_CM4F_L.lib(guicc_m888.o)
    0x0801016c   0x0000000c   Data   RO         3597    .constdata          GUI_CM4F_L.lib(lcd.o)
    0x08010178   0x00000034   Data   RO         3826    .constdata          GUI_CM4F_L.lib(guidrv_lin_16.o)
    0x080101ac   0x00000518   Data   RO         3868    .constdata          GUI_CM4F_L.lib(f6x8.o)
    0x080106c4   0x000001c0   Data   RO         3869    .constdata          GUI_CM4F_L.lib(f6x8.o)
    0x08010884   0x00000008   Data   RO         3870    .constdata          GUI_CM4F_L.lib(f6x8.o)
    0x0801088c   0x00000014   Data   RO         3871    .constdata          GUI_CM4F_L.lib(f6x8.o)
    0x080108a0   0x00000024   Data   RO         3872    .constdata          GUI_CM4F_L.lib(f6x8.o)
    0x080108c4   0x00000018   Data   RO         3939    .constdata          GUI_CM4F_L.lib(guicc_16.o)
    0x080108dc   0x00000010   Data   RO         3949    .constdata          GUI_CM4F_L.lib(gui__divtbl_15_255.o)
    0x080108ec   0x00000100   Data   RO         3956    .constdata          GUI_CM4F_L.lib(gui__divtbl_255_15.o)
    0x080109ec   0x00000100   Data   RO         3963    .constdata          GUI_CM4F_L.lib(gui__divtbl_255_31.o)
    0x08010aec   0x00000100   Data   RO         3970    .constdata          GUI_CM4F_L.lib(gui__divtbl_255_63.o)
    0x08010bec   0x00000020   Data   RO         3977    .constdata          GUI_CM4F_L.lib(gui__divtbl_31_255.o)
    0x08010c0c   0x00000040   Data   RO         3984    .constdata          GUI_CM4F_L.lib(gui__divtbl_63_255.o)
    0x08010c4c   0x00000028   Data   RO         4012    .constdata          GUI_CM4F_L.lib(gui_adddecshift.o)
    0x08010c74   0x00000010   Data   RO         4155    .constdata          GUI_CM4F_L.lib(gui_uc_encodenone.o)
    0x08010c84   0x00000018   Data   RO         4192    .constdata          GUI_CM4F_L.lib(guicc_0.o)
    0x08010c9c   0x00000100   Data   RO         4244    .constdata          GUI_CM4F_L.lib(lcd_mirror.o)
    0x08010d9c   0x00000074   Data   RO         4283    .constdata          GUI_CM4F_L.lib(guidev_16.o)
    0x08010e10   0x00000008   Data   RO         4711    .constdata          GUI_CM4F_L.lib(guidev_writetoactiveopaque.o)
    0x08010e18   0x00000018   Data   RO         5081    .constdata          GUI_CM4F_L.lib(guicc_8888.o)
    0x08010e30   0x00000074   Data   RO         5109    .constdata          GUI_CM4F_L.lib(guidev_32.o)
    0x08010ea4   0x00000018   Data   RO         5207    .constdata          GUI_CM4F_L.lib(guidev_usagebm.o)
    0x08010ebc   0x00000004   Data   RO         3927    .rodata             RTX_CM4F.lib(user_svc.o)
    0x08010ec0   0x0000000b   Data   RO         2737    .rodata.str1.4      RTX_CM4F.lib(rtx_kernel.o)
    0x08010ecb   0x00000001   PAD
    0x08010ecc   0x00000020   Data   RO         5842    Region$$Table       anon$$obj.o


    Execution Region RW_IRAM1 (Base: 0x20000000, Size: 0x0000a210, Max: 0x00030000, ABSOLUTE, COMPRESSED[0x000000a4])

    Base Addr    Size         Type   Attr      Idx    E Section Name        Object

    0x20000000   0x00000004   Data   RW           11    .data               main.o
    0x20000004   0x00000004   Data   RW          688    .data               stm32f4xx_hal.o
    0x20000008   0x00000004   Data   RW         2250    .data               system_stm32f4xx.o
    0x2000000c   0x00000010   Data   RW         2301    .data               gui_x_rte.o
    0x2000001c   0x00000020   Data   RW         2452    .data               lcdconf.o
    0x2000003c   0x00000008   Data   RW         3143    .data               GUI_CM4F_L.lib(guicc_m1555i.o)
    0x20000044   0x00000008   Data   RW         3163    .data               GUI_CM4F_L.lib(guicc_m4444i.o)
    0x2000004c   0x00000008   Data   RW         3182    .data               GUI_CM4F_L.lib(guicc_m8888i.o)
    0x20000054   0x00000028   Data   RW         3204    .data               GUI_CM4F_L.lib(gui__alpha.o)
    0x2000007c   0x00000008   Data   RW         3273    .data               GUI_CM4F_L.lib(gui_alloc.o)
    0x20000084   0x0000002c   Data   RW         3348    .data               GUI_CM4F_L.lib(gui_core.o)
    0x200000b0   0x00000004   Data   RW         3349    .data               GUI_CM4F_L.lib(gui_core.o)
    0x200000b4   0x00000004   Data   RW         3351    .data               GUI_CM4F_L.lib(gui_core.o)
    0x200000b8   0x00000004   Data   RW         3352    .data               GUI_CM4F_L.lib(gui_core.o)
    0x200000bc   0x00000004   Data   RW         3353    .data               GUI_CM4F_L.lib(gui_core.o)
    0x200000c0   0x00000004   Data   RW         3354    .data               GUI_CM4F_L.lib(gui_core.o)
    0x200000c4   0x00000004   Data   RW         3355    .data               GUI_CM4F_L.lib(gui_core.o)
    0x200000c8   0x00000002   Data   RW         3356    .data               GUI_CM4F_L.lib(gui_core.o)
    0x200000ca   0x00000001   Data   RW         3357    .data               GUI_CM4F_L.lib(gui_core.o)
    0x200000cb   0x00000001   PAD
    0x200000cc   0x00000004   Data   RW         3358    .data               GUI_CM4F_L.lib(gui_core.o)
    0x200000d0   0x00000002   Data   RW         3359    .data               GUI_CM4F_L.lib(gui_core.o)
    0x200000d2   0x00000002   Data   RW         3360    .data               GUI_CM4F_L.lib(gui_core.o)
    0x200000d4   0x00000024   Data   RW         3456    .data               GUI_CM4F_L.lib(gui_multibuf.o)
    0x200000f8   0x00000008   Data   RW         3548    .data               GUI_CM4F_L.lib(guicc_m565.o)
    0x20000100   0x00000008   Data   RW         3567    .data               GUI_CM4F_L.lib(guicc_m888.o)
    0x20000108   0x00000004   Data   RW         3598    .data               GUI_CM4F_L.lib(lcd.o)
    0x2000010c   0x00000010   Data   RW         3630    .data               GUI_CM4F_L.lib(lcd_color.o)
    0x2000011c   0x00000008   Data   RW         3686    .data               GUI_CM4F_L.lib(lcd_getex.o)
    0x20000124   0x00000004   Data   RW         4028    .data               GUI_CM4F_L.lib(gui_charline.o)
    0x20000128   0x0000001c   Data   RW         4114    .data               GUI_CM4F_L.lib(gui_task.o)
    0x20000144   0x00000064   Data   RW         4363    .data               GUI_CM4F_L.lib(wm.o)
    0x200001a8   0x00000018   Data   RW         4456    .data               GUI_CM4F_L.lib(gui__managecache.o)
    0x200001c0   0x00000010   Data   RW         4528    .data               GUI_CM4F_L.lib(gui_onkey.o)
    0x200001d0   0x0000000c   Data   RW         4589    .data               GUI_CM4F_L.lib(gui_waitevent.o)
    0x200001dc   0x00000004   Data   RW         4655    .data               GUI_CM4F_L.lib(guidev_banding.o)
    0x200001e0   0x00000001   Data   RW         4676    .data               GUI_CM4F_L.lib(guidev_staticdevices.o)
    0x200001e1   0x00000003   PAD
    0x200001e4   0x00000004   Data   RW         4724    .data               GUI_CM4F_L.lib(wm__sendmessage.o)
    0x200001e8   0x00000014   Data   RW         5052    .data               GUI_CM4F_L.lib(gui_timer.o)
    0x200001fc   0x00000004   Data   RW         5494    .data               GUI_CM4F_L.lib(lcd_aa.o)
    0x20000200   0x00000040   Data   RW          436    .os.data            rtx_config.o
    0x20000240   0x000000a8   Data   RW         2738    .os.data            RTX_CM4F.lib(rtx_kernel.o)
    0x200002e8   0x00002000   Data   RW          437    .os.object          rtx_config.o
    0x200022e8   0x000000c4   Data   RW          438    .os.object.cb       rtx_config.o
    0x200023ac   0x0000003c   Data   RW         2302    .os.object.cb       gui_x_rte.o
    0x200023e8   0x00000230   Data   RW          439    .os.object.data     rtx_config.o
    0x20002618   0x00000190   Data   RW          440    .os.object.stack    rtx_config.o
    0x200027a8   0x00000028   Zero   RW          531    .bss                spi_stm32f4xx.o
    0x200027d0   0x00004000   Zero   RW         2386    .bss                guiconf.o
    0x200067d0   0x000031e8   Zero   RW         2450    .bss                lcdconf.o
    0x200099b8   0x000000cc   Zero   RW         3272    .bss                GUI_CM4F_L.lib(gui_alloc.o)
    0x20009a84   0x00000070   Zero   RW         3346    .bss                GUI_CM4F_L.lib(gui_core.o)
    0x20009af4   0x00000018   Zero   RW         4361    .bss                GUI_CM4F_L.lib(wm.o)
    0x20009b0c   0x00000058   Zero   RW         4527    .bss                GUI_CM4F_L.lib(gui_onkey.o)
    0x20009b64   0x00000048   Zero   RW         4819    .bss                GUI_CM4F_L.lib(wm_touch.o)
    0x20009bac   0x00000060   Zero   RW         5716    .bss                c_w.l(libspace.o)
    0x20009c0c   0x00000004   PAD
    0x20009c10   0x00000200   Zero   RW         2237    HEAP                startup_stm32f429xx.o
    0x20009e10   0x00000400   Zero   RW         2236    STACK               startup_stm32f429xx.o



  Load Region LR$$.ARM.__AT_0xD0000000 (Base: 0xd0000000, Size: 0x00000000, Max: 0x00025800, ABSOLUTE)

    Execution Region ER$$.ARM.__AT_0xD0000000 (Base: 0xd0000000, Size: 0x00025800, Max: 0x00025800, ABSOLUTE, UNINIT)

    Base Addr    Size         Type   Attr      Idx    E Section Name        Object

    0xd0000000   0x00025800   Zero   RW         2449    .ARM.__AT_0xD0000000  lcdconf.o


==============================================================================

Image component sizes


      Code (inc. data)   RO Data    RW Data    ZI Data      Debug   Object Name

        46          0          0          0          0      17632   cmsis_os1.o
       154         36         36         76          0       6108   gui_x_rte.o
        28          8          0          0      16384        531   guiconf.o
       572         50          0          0          0       9297   lcd_x.o
      4472        514          8         32     166376      39519   lcdconf.o
       458         62          0          4          0     376746   main.o
        44          6        196       9412          0       9367   rtx_config.o
      3964        182        132          0         40      51276   spi_stm32f4xx.o
        64         26        428          0       1536        864   startup_stm32f429xx.o
       114         16          0          4          0       3855   stm32f4xx_hal.o
       340         28          0          0          0      35069   stm32f4xx_hal_cortex.o
       170          0          0          0          0       1436   stm32f4xx_hal_dma.o
       944        102          0          0          0       4183   stm32f4xx_hal_gpio.o
      2178         12          0          0          0      14300   stm32f4xx_hal_ltdc.o
      1624         62         16          0          0       5392   stm32f4xx_hal_rcc.o
       880         24          0          0          0       1688   stm32f4xx_hal_rcc_ex.o
       684         84          0          4          0       2185   system_stm32f4xx.o

    ----------------------------------------------------------------------
     16752       1216        848       9532     184336     579448   Object Totals
         0          0         32          0          0          0   (incl. Generated)
        16          4          0          0          0          0   (incl. Padding)

    ----------------------------------------------------------------------

      Code (inc. data)   RO Data    RW Data    ZI Data      Debug   Library Member Name

         0          0       1816          0          0          0   f6x8.o
       128          4          0          0          0        132   gui_2dlib.o
       898         56          0         40          0       1148   gui__alpha.o
       664          0          0          0          0        384   gui__compactpixelindices.o
         0          0         16          0          0          0   gui__divtbl_15_255.o
         0          0        256          0          0          0   gui__divtbl_255_15.o
         0          0        256          0          0          0   gui__divtbl_255_31.o
         0          0        256          0          0          0   gui__divtbl_255_63.o
         0          0         32          0          0          0   gui__divtbl_31_255.o
         0          0         64          0          0          0   gui__divtbl_63_255.o
       322          0          0          0          0        156   gui__expandpixelindices.o
        58          0          0          0          0        116   gui__intersectrect.o
        82          0          0          0          0        128   gui__intersectrects.o
       228          8          0         24          0        252   gui__managecache.o
        76          0          0          0          0        124   gui__memset.o
        60          0          0          0          0        124   gui__memset16.o
       220         16         40          0          0        380   gui_adddecshift.o
      1846        114          0          8        204       2992   gui_alloc.o
        46          0          0          0          0        128   gui_alloc_alloczero.o
        60          0          0          0          0        124   gui_calccolordist.o
       200         24          0          0          0        628   gui_char.o
       458         36          0          4          0        760   gui_charline.o
       394         12          0          0          0        492   gui_charm.o
       472         64          8         79        112       1132   gui_core.o
       366         24          0          0          0        976   gui_device.o
       264          4          0          0          0        136   gui_dispstring.o
        40          6          0          0          0        136   gui_dispstringat.o
        52          4          0          0          0        140   gui_dispstringhcenter.o
        88          6          0          0          0        132   gui_drawhline.o
        68          8          0          0          0        248   gui_exec.o
        24          4          0          0          0        124   gui_getdrawmode.o
        54         10          0          0          0        252   gui_getorg.o
        66         12          0          0          0        360   gui_goto.o
        88          0          0          0          0        124   gui_mergerect.o
        30          0          0          0          0        116   gui_moverect.o
        44          6          0         36          0        116   gui_multibuf.o
       102         12          0         16         88        476   gui_onkey.o
        28          4          0          0          0        128   gui_pen.o
        56          0          0          0          0        116   gui_rectsintersect.o
        32         10          0          0          0        232   gui_savecontext.o
        94         10          0          0          0        264   gui_selectlayer.o
        26          0          0          0          0        128   gui_selectlcd.o
        36          4          0          0          0        124   gui_setalpha.o
        44          0          0          0          0        256   gui_setcolor.o
        64          6          0          0          0        128   gui_setdefault.o
        24          0          0          0          0        124   gui_setdrawmode.o
        32          6          0          0          0        128   gui_setfont.o
        28          4          0          0          0        128   gui_setlinestyle.o
        64         16          0          0          0        136   gui_setorg.o
        32          6          0          0          0        128   gui_settextalign.o
        32          6          0          0          0        128   gui_settextmode.o
       376         42          0         28          0        764   gui_task.o
       104          6          0          0          0        132   gui_time.o
       354         16          0         20          0        772   gui_timer.o
        84         10          0          0          0        264   gui_uc.o
        18          0         16          0          0        464   gui_uc_encodenone.o
        62          0          0          0          0        252   gui_val.o
       214          4          0          0          0        412   gui_valf.o
        16          4          0         12          0        116   gui_waitevent.o
       198          0         24          0          0        388   guicc_0.o
       172          0         24          0          0        376   guicc_16.o
       228         36         24          0          0        636   guicc_1616i.o
       190          0         24          0          0        356   guicc_8666.o
       194         18         24          0          0        636   guicc_88666i.o
        36          0         24          0          0        480   guicc_8888.o
         2          0          0          0          0        116   guicc_8888_index2color.o
         2          0          0          0          0        116   guicc_888_index2color.o
       290         32         24          8          0        768   guicc_m1555i.o
       312         22         24          8          0        768   guicc_m4444i.o
       258         46         24          8          0        652   guicc_m565.o
       142         16         24          8          0        636   guicc_m888.o
       184         12         24          8          0        644   guicc_m8888i.o
        30          0          0          0          0        124   guicc_m8888i_index2color.o
        20          0          0          0          0        116   guicc_m888_index2color.o
       806         40          0          0          0       1064   guidev.o
      2282         60        116          0          0       2104   guidev_16.o
      2368         62        116          0          0       2256   guidev_32.o
       352         12          0          4          0        264   guidev_banding.o
        68          4          0          0          0        124   guidev_clear.o
        40          0          0          0          0        128   guidev_getdataptr.o
        52          6          0          0          0        128   guidev_getysize.o
        56          4          0          0          0        128   guidev_reduceysize.o
       100          4          0          0          0        128   guidev_setorg.o
       358         20          0          1          0        284   guidev_staticdevices.o
        84          0          0          0          0        260   guidev_usage.o
       424          4         24          0          0        748   guidev_usagebm.o
       116          4          0          0          0        244   guidev_write.o
       400         14          0          0          0        144   guidev_writetoactivealpha.o
      1854         18          8          0          0        732   guidev_writetoactiveopaque.o
      3240        182         52          0          0       4480   guidrv_lin_16.o
      1730        118         12          4          0       2300   lcd.o
        16          6          0          4          0        116   lcd_aa.o
       276         30          0         16          0        748   lcd_color.o
       474         54          0          8          0       3296   lcd_getex.o
        26          0          0          0          0        128   lcd_getnumdisplays.o
         0          0        256          0          0          0   lcd_mirror.o
       504         18          0          0          0        280   lcd_readrect.o
        64          8          0          0          0        128   lcd_selectlcd.o
       260          0          0          0          0        788   lcd_set.o
        48         10          0          0          0        128   lcd_setcliprectex.o
        36          4          0          0          0        128   lcd_updatecolorindices.o
      4658        222          0        100         24       6452   wm.o
        18          0          0          0          0        124   wm__getfirstsibling.o
        36          0          0          0          0        128   wm__getprevsibling.o
        60          6          0          4          0        136   wm__sendmessage.o
        38          0          0          0          0        128   wm__sendmessagenopara.o
       220          0          0          0          0        144   wm__updatechildpositions.o
       136          0          0          0          0        140   wm_bringtobottom.o
        16          6          0          0          0        116   wm_criticalhandle.o
        32          0          0          0          0        128   wm_getclientrect.o
        24         10          0          0          0        116   wm_getdesktopwindow.o
        26          0          0          0          0        124   wm_getfirstchild.o
        32          0          0          0          0        128   wm_getorg.o
        26          0          0          0          0        124   wm_getparent.o
       294          0          0          0          0        416   wm_move.o
        16          0          0          0          0        124   wm_notifyparent.o
        64          8          0          0          0        136   wm_onkey.o
       244          0          0          0          0        136   wm_resizewindow.o
        26          0          0          0          0        136   wm_sendmessagenopara.o
        38          0          0          0          0        140   wm_sendtoparent.o
        72          0          0          0          0        132   wm_setsize.o
       124          0          0          0          0        260   wm_timer.o
         0          0          0          0         72          0   wm_touch.o
       184         12          0          0          0        540   irq_cm4f.o
        50          4          0          0          0       2325   rtx_delay.o
       760         12         11        168          0      15437   rtx_kernel.o
       222          0          0          0          0       1792   rtx_memory.o
       198          0          0          0          0      13560   rtx_mempool.o
      1834          8          0          0          0      17028   rtx_msgqueue.o
       782         12          0          0          0       7941   rtx_mutex.o
       534          8          0          0          0       8218   rtx_system.o
      2396         12          0          0          0      33923   rtx_thread.o
       756          8          0          0          0       9350   rtx_timer.o
         0          0          4          0          0        423   user_svc.o
        90          0          0          0          0          0   __dczerorl2.o
         8          0          0          0          0         68   __main.o
         0          0          0          0          0          0   __rtentry.o
        20          0          0          0          0          0   __rtentry2.o
         6          0          0          0          0          0   __rtentry4.o
        52          8          0          0          0          0   __scatter.o
        28          0          0          0          0          0   __scatter_zi.o
        48          4          0          0          0         84   _fptrap.o
        16          0          0          0          0         68   aeabi_memset.o
        16          0          0          0          0         68   aeabi_memset4.o
        10          0          0          0          0         68   defsig_exit.o
       172        110          0          0          0         76   defsig_fpe_inner.o
        14          0          0          0          0         80   defsig_fpe_outer.o
        50          0          0          0          0         88   defsig_general.o
        18          0          0          0          0         80   exit.o
         6          0          0          0          0        152   heapauxi.o
         0          0          0          0          0          0   indicate_semi.o
         2          0          0          0          0          0   libinit.o
         6          0          0          0          0          0   libinit2.o
         2          0          0          0          0          0   libshutdown.o
         2          0          0          0          0          0   libshutdown2.o
         8          4          0          0         96         68   libspace.o
        68          0          0          0          0         68   rt_memclr.o
        78          0          0          0          0         80   rt_memclr_w.o
       138          0          0          0          0         68   rt_memcpy_v6.o
       100          0          0          0          0         80   rt_memcpy_w.o
       132          0          0          0          0         68   rt_memmove_v6.o
       122          0          0          0          0         80   rt_memmove_w.o
         2          0          0          0          0          0   rtexit.o
        10          0          0          0          0          0   rtexit2.o
        12          4          0          0          0         68   sys_exit.o
        74          0          0          0          0         80   sys_stackheap_outer.o
        14          0          0          0          0         76   sys_wrch.o
         2          0          0          0          0         68   use_no_semi.o
       708         16          0          0          0        140   d2f_clz.o
      1336         32          0          0          0        532   daddsub_clz.o
        24          0          0          0          0        116   dcmpi.o
        26          0          0          0          0        116   dflt_clz.o
       120          8          0          0          0        140   dleqf.o
       258          4          0          0          0        156   dnaninf.o
       112          0          0          0          0        160   drenorm_clz.o
        12          0          0          0          0        116   dretinf.o
        98          0          0          0          0        128   drleqf.o
       378          0          0          0          0        168   dunder_clz.o
       492         36          0          0          0        148   except.o
       122          8          0          0          0        132   f2d.o
       242          4          0          0          0        144   fnaninf.o
        10          0          0          0          0        116   fpinit.o
        10          0          0          0          0        116   fretinf.o
       316          0          0          0          0        132   funder_clz.o
       178          0          0          0          0        116   retnan.o
       126          0          0          0          0        148   trapv.o
         0          0          0          0          0          0   usenofp.o
       280         28          0          0          0        156   ceil.o
       280         28          0          0          0        156   floor.o

    ----------------------------------------------------------------------
     48132       2070       3624        620        600     170705   Library Totals
       152          0          1          4          4          0   (incl. Padding)

    ----------------------------------------------------------------------

      Code (inc. data)   RO Data    RW Data    ZI Data      Debug   Library Name

     33810       1700       3608        448        500      55396   GUI_CM4F_L.lib
      7716         76         15        168          0     110537   RTX_CM4F.lib
      1326        130          0          0         96       1636   c_w.l
      4568        108          0          0          0       2824   g_wm.l
       560         56          0          0          0        312   m_wm.l

    ----------------------------------------------------------------------
     48132       2070       3624        620        600     170705   Library Totals

    ----------------------------------------------------------------------

==============================================================================


      Code (inc. data)   RO Data    RW Data    ZI Data      Debug   

     64884       3286       4472      10152     184936     690341   Grand Totals
     64884       3286       4472        164     184936     690341   ELF Image Totals (compressed)
     64884       3286       4472        164          0          0   ROM Totals

==============================================================================

    Total RO  Size (Code + RO Data)                69356 (  67.73kB)
    Total RW  Size (RW Data + ZI Data)            195088 ( 190.52kB)
    Total ROM Size (Code + RO Data + RW Data)      69520 (  67.89kB)

==============================================================================

